worlds/retailsingleplayer/c01.dat

chars/models/player_action.ltb
chars/models/deathbase.ltb
chars/models/playerbase.ltb
guns/snd/impacts/stone/impact1.wav
guns/snd/impacts/stone/impact2.wav
guns/snd/impacts/melee/gen/impact1.wav
guns/snd/impacts/melee/gen/impact2.wav
guns/snd/impacts/projectile/stone/impact1.wav
guns/snd/impacts/projectile/stone/impact2.wav
guns/snd/shells/stone.wav
chars/snd/footsteps/foottile1a.wav
chars/snd/footsteps/foottile1b.wav
chars/snd/footsteps/foottile2a.wav
chars/snd/footsteps/foottile2b.wav
chars/snd/femalebodyfall_ground.wav
chars/snd/malebodyfall_ground.wav
guns/snd/impacts/stone/impactgrenade.wav
guns/snd/impacts/flesh/impact1.wav
guns/snd/impacts/flesh/impact2.wav
guns/snd/impacts/melee/flesh/impact1.wav
guns/snd/impacts/melee/flesh/impact2.wav
guns/snd/impacts/projectile/flesh/impact1.wav
guns/snd/impacts/projectile/flesh/impact2.wav
guns/snd/impacts/cloth/impact1.wav
guns/snd/impacts/cloth/impact2.wav
guns/snd/impacts/projectile/cloth/impact1.wav
guns/snd/impacts/projectile/cloth/impact2.wav
guns/snd/impacts/cloth/impactgrenade.wav
chars/snd/footsteps/ladder1a.wav
chars/snd/footsteps/ladder1b.wav
chars/snd/footsteps/ladder2a.wav
chars/snd/footsteps/ladder2b.wav
guns/snd/impacts/water/impact1.wav
guns/snd/impacts/water/impact2.wav
guns/snd/impacts/melee/liquid/impact1.wav
guns/snd/impacts/melee/liquid/impact2.wav
guns/snd/shells/liquid.wav
chars/snd/footsteps/water1a.wav
chars/snd/footsteps/water1b.wav
chars/snd/footsteps/water2a.wav
chars/snd/footsteps/water2b.wav
chars/snd/femalebodyfall_water.wav
chars/snd/malebodyfall_water.wav
guns/snd/banana/liquid.wav
guns/snd/impacts/fence/impact1.wav
guns/snd/impacts/fence/impact2.wav
guns/snd/impacts/melee/fence/impact1.wav
guns/snd/impacts/melee/fence/impact2.wav
guns/snd/shells/metal.wav
chars/snd/footsteps/tinmetal1a.wav
chars/snd/footsteps/tinmetal1b.wav
chars/snd/footsteps/tinmetal2a.wav
chars/snd/footsteps/tinmetal2b.wav
chars/snd/femalebodyfall_metal.wav
guns/snd/impacts/metal_sm/impactgrenade.wav
guns/snd/impacts/melee/stone/impact1.wav
guns/snd/impacts/melee/stone/impact2.wav
chars/snd/footsteps/stone1a.wav
chars/snd/footsteps/stone1b.wav
chars/snd/footsteps/stone2a.wav
chars/snd/footsteps/stone2b.wav
guns/snd/impacts/metal_bg/impact1.wav
guns/snd/impacts/metal_bg/impact2.wav
guns/snd/impacts/melee/metal/impact1.wav
guns/snd/impacts/melee/metal/impact2.wav
guns/snd/impacts/projectile/metal/impact1.wav
guns/snd/impacts/projectile/metal/impact2.wav
chars/snd/footsteps/metal1a.wav
chars/snd/footsteps/metal1b.wav
chars/snd/footsteps/metal2a.wav
chars/snd/footsteps/metal2b.wav
guns/snd/impacts/metal_sm/impact1.wav
guns/snd/impacts/metal_sm/impact2.wav
guns/snd/shells/tin.wav
guns/snd/impacts/wood/impact1.wav
guns/snd/impacts/wood/impact2.wav
guns/snd/impacts/melee/wood/impact1.wav
guns/snd/impacts/melee/wood/impact2.wav
guns/snd/impacts/projectile/wood/impact1.wav
guns/snd/impacts/projectile/wood/impact2.wav
guns/snd/shells/wood.wav
chars/snd/footsteps/wood1a.wav
chars/snd/footsteps/wood1b.wav
chars/snd/footsteps/wood2a.wav
chars/snd/footsteps/wood2b.wav
chars/snd/femalebodyfall_wood.wav
guns/snd/impacts/wood/impactgrenade.wav
guns/snd/impacts/glass/impact1.wav
guns/snd/impacts/glass/impact2.wav
guns/snd/impacts/melee/glass/impact1.wav
guns/snd/impacts/melee/glass/impact2.wav
guns/snd/impacts/projectile/glass/impact1.wav
guns/snd/impacts/projectile/glass/impact2.wav
guns/snd/shells/glass.wav
chars/snd/footsteps/glass1a.wav
chars/snd/footsteps/glass1b.wav
chars/snd/footsteps/glass2a.wav
chars/snd/footsteps/glass2b.wav
guns/snd/impacts/glass/impactgrenade.wav
chars/snd/footsteps/bulletglass1a.wav
chars/snd/footsteps/bulletglass1b.wav
chars/snd/footsteps/bulletglass2a.wav
chars/snd/footsteps/bulletglass2b.wav
guns/snd/impacts/terrain/impact1.wav
guns/snd/impacts/terrain/impact2.wav
guns/snd/impacts/melee/dirt/impact1.wav
guns/snd/impacts/melee/dirt/impact2.wav
guns/snd/shells/dirt.wav
chars/snd/footsteps/dirt1a.wav
chars/snd/footsteps/dirt1b.wav
chars/snd/footsteps/dirt2a.wav
chars/snd/footsteps/dirt2b.wav
guns/snd/impacts/terrain/impactgrenade.wav
guns/snd/impacts/snow/impact1.wav
guns/snd/impacts/snow/impact2.wav
chars/snd/footsteps/snow1a.wav
chars/snd/footsteps/snow1b.wav
chars/snd/footsteps/snow2a.wav
chars/snd/footsteps/snow2b.wav
guns/snd/impacts/mud/impact1.wav
guns/snd/impacts/mud/impact2.wav
guns/snd/shells/mud.wav
chars/snd/footsteps/mud1a.wav
chars/snd/footsteps/mud1b.wav
chars/snd/footsteps/mud2a.wav
chars/snd/footsteps/mud2b.wav
chars/snd/femalebodyfall_mud.wav
chars/snd/malebodyfall_mud.wav
chars/snd/footsteps/grass1a.wav
chars/snd/footsteps/grass1b.wav
chars/snd/footsteps/grass2a.wav
chars/snd/footsteps/grass2b.wav
guns/snd/shells/drywall.wav
chars/snd/footsteps/cloth1a.wav
chars/snd/footsteps/cloth1b.wav
guns/snd/impacts/plastic/impact1.wav
guns/snd/impacts/plastic/impact2.wav
guns/snd/shells/linoleum.wav
chars/snd/footsteps/linoleum1a.wav
chars/snd/footsteps/linoleum1b.wav
chars/snd/footsteps/linoleum2a.wav
chars/snd/footsteps/linoleum2b.wav
chars/snd/malebodyfall_wood.wav
chars/snd/malebodyfall_metal.wav
guns/snd/impacts/electronics/impact1.wav
guns/snd/impacts/electronics/impact2.wav
guns/snd/impacts/melee/electronics/impact1.wav
guns/snd/impacts/melee/electronics/impact2.wav
chars/snd/footsteps/gravel1a.wav
chars/snd/footsteps/gravel1b.wav
chars/snd/footsteps/gravel2a.wav
chars/snd/footsteps/gravel2b.wav
chars/snd/footsteps/rubber1a.wav
chars/snd/footsteps/rubber1b.wav
chars/snd/footsteps/rubber2a.wav
chars/snd/footsteps/rubber2b.wav
guns/snd/impacts/sword/bulletsword_01.wav
guns/snd/impacts/sword/bulletsword_02.wav
chars/snd/footsteps/woodladder1a.wav
chars/snd/footsteps/woodladder1b.wav
chars/snd/footsteps/woodladder2a.wav
chars/snd/footsteps/woodladder2b.wav
snd/doors/mtldrawerlocked1.wav
attributes/animationshuman.txt
chars/models/harm_cin.ltb
chars/models/cinematic/gen_ch01.ltb
attributes/animationsninja.txt
chars/models/isako.ltb
chars/models/ninjabase.ltb
chars/models/cinematic/isako_ch01.ltb
guns/models_hh/katana.ltb
guns/models_pv/katana.ltb
guns/snd/katana/select.wav
guns/snd/katana/deselect.wav
chars/models/director.ltb
chars/models/cinematic/director_ch06.ltb
chars/models/cinematic/director_ch01.ltb
snd/event/cine/trainbg1.wav
snd/event/cine/trainbg2.wav
snd/amb/cave_amb.wav
snd/amb/computer_1.wav
snd/amb/fire_sm_loop.wav
snd/amb/drone_uwater_01.wav
snd/doors/cabinetopncls_1.wav
props/models/jpflwrvase1.ltb
fx/debris/models/vasesmall.ltb
fx/debris/models/vaseb.ltb
fx/debris/models/vasec.ltb
fx/debris/models/smallglassd.ltb
fx/debris/models/smallglasse.ltb
fx/debris/snd/porcelain/gib_1.wav
fx/debris/snd/porcelain/gib_2.wav
fx/debris/snd/porcelain/explode_1.wav
fx/debris/snd/porcelain/explode_2.wav
props/models/inbasket2.ltb
props/models/jpsandals2.ltb
fx/debris/models/chunk1.ltb
fx/debris/models/chunk2.ltb
fx/debris/models/chunk3.ltb
fx/debris/models/chunk4.ltb
fx/debris/snd/smallmetal/gib_1.wav
fx/debris/snd/smallmetal/gib_2.wav
fx/debris/snd/smallmetal/explode_1.wav
fx/debris/snd/smallmetal/explode_2.wav
props/models/jpvase1.ltb
fx/debris/models/vasea.ltb
props/models/genbulb.ltb
props/models/genmartini.ltb
fx/debris/models/smallglassa.ltb
fx/debris/models/smallglassb.ltb
fx/debris/models/smallglassc.ltb
fx/debris/snd/smallglass/gib_1.wav
fx/debris/snd/smallglass/gib_2.wav
fx/debris/snd/smallglass/explode_1.wav
fx/debris/snd/smallglass/explode_2.wav
props/models/gencigbox.ltb
fx/debris/models/paper1.ltb
fx/debris/models/paper2.ltb
fx/debris/models/paper3.ltb
props/models/genwineglass.ltb
props/models/genwine.ltb
props/models/genashtray.ltb
props/models/penholder.ltb
props/models/jpcarp.ltb
props/models/genspkrphone.ltb
props/models/jpsake2.ltb
fx/debris/models/basket1.ltb
fx/debris/models/basket2.ltb
fx/debris/models/machinery_01d.ltb
music/island/islande19.wav
music/island/islande20.wav
fx/debris/models/machinery_01e.ltb
music/island/islande21.wav
fx/debris/snd/wood/gib_1.wav
music/island/islande22.wav
fx/debris/snd/wood/gib_2.wav
fx/debris/snd/wood/explode_1.wav
fx/debris/snd/wood/explode_2.wav
props/models/genbottle.ltb
fx/debris/models/durianl1b.ltb
5.21
interface/snd/bleedloop.wav
interface/snd/poisonloop1.wav
interface/snd/stunloop1.wav
interface/snd/yawn0.wav
interface/snd/sleeploop1.wav
interface/snd/gasp1.wav
worlds/retailsingleplayer/c01.txt
/chars/models/anims/standcontrols.ltb
models/default.ltb
guns/models_pv/tazer.ltb
guns/models_hh/tazer.ltb
guns/models_pv/camera.ltb
guns/models_hh/camera.ltb
guns/models_pv/crossbow.ltb
guns/models_hh/crossbow.ltb
guns/projectiles/models/bolt.ltb
guns/models_pv/scope.ltb
rs/ninjatranslucent.ltb
30
rs/transparent.ltb
rs/envmap.ltb
interface/menu/models/loading.ltb
interface/menu/models/load.ltb
guns/snd/tazer/fire.wav
guns/snd/tazer/dryfire.wav
guns/snd/tazer/reload1.wav
guns/snd/tazer/select.wav
guns/snd/tazer/deselect.wav
guns/snd/tazer/fireloop.wav
guns/snd/camera/fire.wav
guns/snd/camera/dryfire.wav
guns/snd/camera/reload.wav
guns/snd/camera/select.wav
guns/snd/camera/deselect.wav
guns/snd/crossbow/fire.wav
guns/snd/crossbow/reload1.wav
guns/snd/crossbow/select.wav
guns/snd/crossbow/deselect.wav
guns/projectiles/snd/bolt.wav
guns/snd/impacts/explosions/phos.wav
guns/snd/impacts/explosions/cyanide.wav
guns/snd/impacts/explosions/explosiveround.wav
interface/snd/type.wav
interface/snd/enter.wav
snd/event/cine/train1.wav
voice/10001.wav
snd/event/cine/train2.wav
snd/event/cine/train3.wav
voice/10002.wav
snd/event/cine/train4.wav
snd/event/cine/swipe_02.wav
voice/10003.wav
voice/10004.wav
voice/10005.wav
voice/10006.wav
voice/10007.wav
voice/10008.wav
snd/amb/sp_disconnect.wav
voice/10009.wav
voice/10010.wav
voice/10011.wav
voice/10012.wav
voice/10013.wav
voice/10014.wav
computer_floorlmount02_ai_61x80x5700.node
computer_floorlmount02_ai_61x80x5701.node
computer_floorlmount02_ai_61x80x5702.node
computer_floorlmount02_ai_61x80x5703.node
computer_floorlmount02_ai_61x80x5704.node
not
attributes/music.txt
guns/snd/camera/camerazoom.wav
guns/snd/sniper/sniperzoom.wav
guns/models_pv/keychain.ltb
guns/models_hh/keychain.ltb
guns/snd/keychain/select.wav
guns/snd/keychain/deselect.wav
guns/snd/impacts/explosions/explosion1.wav
guns/snd/impacts/explosions/rocket.wav
guns/projectiles/snd/rocket.wav
guns/projectiles/models/missile.ltb
seconds
chars/skins/cateaction.dtx
fx/test/imarkbasic.spr
fx/test/imark2.dtx
fx/surface/bhglass1.spr
fx/surface/bholgls1.dtx
fx/test/snow/spr/snowfs_r.spr
fx/test/snow/sprtex/snwfs_r.dtx
fx/test/snow/spr/snowfs_l.spr
fx/test/snow/sprtex/snwfs_l.dtx
fx/test/mud/spr/mudfsr.spr
fx/test/mud/sprtex/mud_fr.dtx
fx/test/mud/spr/mudfsl.spr
fx/test/mud/sprtex/mud_fl.dtx
guns/skins_pv/katana.dtx
texfx/renderstyles/clouds2.dtx
fx/test/fire3.spr
fx/test/particle10.dtx
fx/test/smoketest2.spr
fx/test/smoke01.dtx
fx/test/firesml.spr
fx/test/fire_sml_0.dtx
fx/test/fire_sml_1.dtx
fx/test/fire_sml_2.dtx
fx/test/fire_sml_3.dtx
fx/test/fire_sml_4.dtx
fx/test/fire_sml_5.dtx
fx/debris/skins/vase.dtx
texfx/water/jpwater004.spr
texfx/water/jpwater004.dtx
texfx/cubic/jp_lair3.dtx
texfx/normal/bumptest05.dtx
fx/debris/skins/glass_01.dtx
fx/debris/skins/paper.dtx
fx/debris/skins/sake.dtx
props/skins/sibottle1.dtx
tex/japan/sojp032.dtx
tex/japan/sojp023.dtx
tex/japan/sojp024.dtx
tex/japan/sojp026.dtx
tex/japan/wwjp029.dtx
tex/japan/wwjp031.dtx
tex/japan/wwjp030.dtx
tex/japan/cwjp006.dtx
tex/japan/tfjp011.dtx
tex/japan/wfjp003.dtx
tex/japan/oojp014.dtx
tex/japan/oojp016.dtx
tex/japan/sojp013.dtx
tex/japan/sfjp004.dtx
tex/japan/mojp001.dtx
texfx/envmapalpha/global003.dtx
tex/japan/wojp012.dtx
tex/japan/cojp006.dtx
tex/prototype/siberia/john/lightbasket.dtx
tex/prototype/siberia/brian/painted_pipe_01.dtx
tex/prototype/underwater/blank_metal_tile02.dtx
props/skins/unlight1of.dtx
tex/unity/oouni002.dtx
tex/japan/cojp005.dtx
tex/japan/wojp011.dtx
tex/japan/cwjp005.dtx
props/skins/jpstnlantno.dtx
tex/prototype/underwater/blank_metal_tile01.dtx
tex/japan/mojp009.dtx
texfx/cubic/global01.dtx
tex/underwater/uw_pipe03.dtx
tex/underwater/uw_pipe01.dtx
tex/japan/oojp015.dtx
tex/japan/wfjp002.dtx
tex/japan/oojp040.dtx
tex/japan/cojp002.dtx
tex/japan/oojp018.dtx
tex/japan/oojp017.dtx
tex/japan/sojp010.dtx
tex/japan/sojp009.dtx
tex/japan/cwjp003.dtx
props/skins/inworklight1.dtx
tex/japan/wwjp010.dtx
tex/siberia/mosib003.dtx
tex/prototype/siberia/rodney/obj0123.dtx
tex/prototype/siberia/rodney/obj0121.dtx
tex/underwater/moub001.dtx
tex/underwater/moub038.dtx
tex/underwater/moub039.dtx
tex/underwater/moub040.dtx
tex/underwater/moub042.dtx
tex/underwater/moub037.dtx
tex/underwater/moub051.dtx
tex/underwater/moub19.dtx
tex/underwater/moub043.dtx
tex/underwater/moub044.dtx
tex/underwater/moub045.dtx
tex/underwater/moub049.dtx
tex/underwater/moub050.dtx
tex/underwater/moub048.dtx
tex/underwater/mwub002.dtx
tex/underwater/moub024.dtx
tex/underwater/moub18.dtx
tex/underwater/moub052c.dtx
tex/japan/mojp010.dtx
tex/japan/mojp007.dtx
tex/underwater/moub033.dtx
tex/japan/mojp008.dtx
tex/japan/mojp006.dtx
texfx/envmap/global013.dtx
texfx/bump/bumptest26.dtx
tex/siberia/wcsib001.dtx
props/skins/jpcrater.dtx
props/skins/jpcratey.dtx
props/skins/jpcrateb.dtx
tex/japan/signs/sjp043.dtx
tex/japan/signs/sjp044.dtx
tex/underwater/moub028.dtx
texfx/envmap/global005.dtx
tex/underwater/moub052a.dtx
tex/underwater/moub052b.dtx
tex/underwater/mfub001.dtx
tex/underwater/mwub011.dtx
tex/japan/shiny3.dtx
tex/japan/shiny2.dtx
tex/underwater/refuw004.dtx
tex/texfx/reflect02.dtx
tex/japan/wfjp004.dtx
tex/japan/wwjp034.dtx
tex/japan/tfjp006.dtx
tex/japan/twjp001.dtx
tex/japan/twjp002.dtx
tex/japan/cojp010.dtx
tex/japan/mwjp003.dtx
tex/japan/mwjp002.dtx
props/skins/gencouch1a.dtx
props/skins/gencouch1b.dtx
tex/japan/sojp019.dtx
tex/ohio/soohi006.dtx
tex/ohio/pwohi001.dtx
tex/ohio/soohi005.dtx
tex/ohio/sfohi003.dtx
tex/ohio/swohi005.dtx
tex/ohio/soohi004.dtx
tex/japan/cojp004.dtx
props/skins/gencouch1c.dtx
tex/underwater/gluw001.dtx
texfx/cubic/uw_lab1.dtx
props/skins/sifilecabinet.dtx
tex/siberia/mosib0003.dtx
tex/occluder.dtx
tex/invisible.dtx
guns/skins_pv/tazer.dtx
texfx/renderstyles/shine.dtx
guns/skins_pv/camera.dtx
texfx/renderstyles/chrome.dtx
guns/skins_pv/camlens.dtx
guns/skins_pv/crossbow.dtx
guns/projectiles/skins/bolt.dtx
guns/skins_pv/scope.dtx
guns/skins_pv/lens2.dtx
texfx/renderstyles/clouds.dtx
props/skins/genbulb1.dtx
props/skins/jpbottle1.dtx
props/skins/jpsake2.dtx
props/skins/genspkrphone2.dtx
props/skins/jpcarp1.dtx
props/skins/jpcarp2.dtx
props/skins/genwineglass2.dtx
props/skins/genashtray1b.dtx
props/skins/genmartini.dtx
props/skins/penholder.dtx
texfx/envmapalpha/global008.dtx
props/skins/genwine1.dtx
props/skins/gencigbox.dtx
props/skins/jpflowerv1.dtx
props/skins/jpvase1.dtx
props/skins/re.dtx
props/skins/jpsandals2.dtx
props/skins/jpbasket1.dtx
chars/skins/director.dtx
chars/skins/directorhead.dtx
chars/skins/isakobody.dtx
chars/skins/isakohead.dtx
chars/skins/isakohair.dtx
chars/skins/harmpurple.dtx
chars/skins/harmheady.dtx
chars/skins/harmhelmet.dtx
fx/test/flr0025.dtx
interface/menu/sprtex/loadingc1.dtx
tex/underwater/sprites/uwsecuritymonitor1.spr
tex/underwater/sprites/uwcomputer1.spr
tex/underwater/sprites/uwcomputer3a.spr
tex/underwater/sprites/uwcomputer3.spr
tex/underwater/sprites/uwcomputer4.spr
fx/test/coolsoft2.spr
tex/japan/cojp014.dtx
props/skins/genlavadrum.dtx
props/skins/jpdesktop.dtx
chars/skins/catecasualhead.dtx
chars/skins/catecasualhair.dtx
interface/menu/sprtex/circle1.dtx
interface/menu/sprtex/circle2.dtx
guns/skins_pv/keychain.dtx
texfx/renderstyles/chrome2.dtx
guns/projectiles/skins/missile.dtx
attributes/weapons.txt
rs/furshell.ltb
control
trigger
on
voice/10001.lip
voice/10002.lip
voice/10003.lip
voice/10005.lip
voice/10007.lip
voice/10009.lip
voice/10010.lip
voice/10011.lip
voice/10012.lip
animation:
voice/10013.lip
voice/10014.lip
clientfx/clientfx.fxf
1.87
ps/envbumpmap.ps
interface/menu/models/loadback.ltb
interface/menu/models/loadtext.ltb
