worlds/retailsingleplayer/c01s01.dat

chars/models/player_action.ltb
chars/models/deathbase.ltb
chars/models/playerbase.ltb
guns/snd/impacts/stone/impact1.wav
guns/snd/impacts/stone/impact2.wav
guns/snd/impacts/melee/gen/impact1.wav
guns/snd/impacts/melee/gen/impact2.wav
guns/snd/impacts/projectile/stone/impact1.wav
guns/snd/impacts/projectile/stone/impact2.wav
guns/snd/shells/stone.wav
chars/snd/footsteps/foottile1a.wav
chars/snd/footsteps/foottile1b.wav
chars/snd/footsteps/foottile2a.wav
chars/snd/footsteps/foottile2b.wav
chars/snd/femalebodyfall_ground.wav
chars/snd/malebodyfall_ground.wav
guns/snd/impacts/stone/impactgrenade.wav
guns/snd/impacts/flesh/impact1.wav
guns/snd/impacts/flesh/impact2.wav
guns/snd/impacts/melee/flesh/impact1.wav
guns/snd/impacts/melee/flesh/impact2.wav
guns/snd/impacts/projectile/flesh/impact1.wav
guns/snd/impacts/projectile/flesh/impact2.wav
guns/snd/impacts/cloth/impact1.wav
guns/snd/impacts/cloth/impact2.wav
guns/snd/impacts/projectile/cloth/impact1.wav
guns/snd/impacts/projectile/cloth/impact2.wav
guns/snd/impacts/cloth/impactgrenade.wav
chars/snd/footsteps/ladder1a.wav
chars/snd/footsteps/ladder1b.wav
chars/snd/footsteps/ladder2a.wav
chars/snd/footsteps/ladder2b.wav
guns/snd/impacts/water/impact1.wav
guns/snd/impacts/water/impact2.wav
guns/snd/impacts/melee/liquid/impact1.wav
guns/snd/impacts/melee/liquid/impact2.wav
guns/snd/shells/liquid.wav
chars/snd/footsteps/water1a.wav
chars/snd/footsteps/water1b.wav
chars/snd/footsteps/water2a.wav
chars/snd/footsteps/water2b.wav
chars/snd/femalebodyfall_water.wav
chars/snd/malebodyfall_water.wav
guns/snd/banana/liquid.wav
guns/snd/impacts/fence/impact1.wav
guns/snd/impacts/fence/impact2.wav
guns/snd/impacts/melee/fence/impact1.wav
guns/snd/impacts/melee/fence/impact2.wav
guns/snd/shells/metal.wav
chars/snd/footsteps/tinmetal1a.wav
chars/snd/footsteps/tinmetal1b.wav
chars/snd/footsteps/tinmetal2a.wav
chars/snd/footsteps/tinmetal2b.wav
chars/snd/femalebodyfall_metal.wav
guns/snd/impacts/metal_sm/impactgrenade.wav
guns/snd/impacts/melee/stone/impact1.wav
guns/snd/impacts/melee/stone/impact2.wav
chars/snd/footsteps/stone1a.wav
chars/snd/footsteps/stone1b.wav
chars/snd/footsteps/stone2a.wav
chars/snd/footsteps/stone2b.wav
guns/snd/impacts/metal_bg/impact1.wav
guns/snd/impacts/metal_bg/impact2.wav
guns/snd/impacts/melee/metal/impact1.wav
guns/snd/impacts/melee/metal/impact2.wav
guns/snd/impacts/projectile/metal/impact1.wav
guns/snd/impacts/projectile/metal/impact2.wav
chars/snd/footsteps/metal1a.wav
chars/snd/footsteps/metal1b.wav
chars/snd/footsteps/metal2a.wav
chars/snd/footsteps/metal2b.wav
guns/snd/impacts/metal_sm/impact1.wav
guns/snd/impacts/metal_sm/impact2.wav
guns/snd/shells/tin.wav
guns/snd/impacts/wood/impact1.wav
guns/snd/impacts/wood/impact2.wav
guns/snd/impacts/melee/wood/impact1.wav
guns/snd/impacts/melee/wood/impact2.wav
guns/snd/impacts/projectile/wood/impact1.wav
guns/snd/impacts/projectile/wood/impact2.wav
guns/snd/shells/wood.wav
chars/snd/footsteps/wood1a.wav
chars/snd/footsteps/wood1b.wav
chars/snd/footsteps/wood2a.wav
chars/snd/footsteps/wood2b.wav
chars/snd/femalebodyfall_wood.wav
guns/snd/impacts/wood/impactgrenade.wav
guns/snd/impacts/glass/impact1.wav
guns/snd/impacts/glass/impact2.wav
guns/snd/impacts/melee/glass/impact1.wav
guns/snd/impacts/melee/glass/impact2.wav
guns/snd/impacts/projectile/glass/impact1.wav
guns/snd/impacts/projectile/glass/impact2.wav
guns/snd/shells/glass.wav
chars/snd/footsteps/glass1a.wav
chars/snd/footsteps/glass1b.wav
chars/snd/footsteps/glass2a.wav
chars/snd/footsteps/glass2b.wav
guns/snd/impacts/glass/impactgrenade.wav
chars/snd/footsteps/bulletglass1a.wav
chars/snd/footsteps/bulletglass1b.wav
chars/snd/footsteps/bulletglass2a.wav
chars/snd/footsteps/bulletglass2b.wav
guns/snd/impacts/terrain/impact1.wav
guns/snd/impacts/terrain/impact2.wav
guns/snd/impacts/melee/dirt/impact1.wav
guns/snd/impacts/melee/dirt/impact2.wav
guns/snd/shells/dirt.wav
chars/snd/footsteps/dirt1a.wav
chars/snd/footsteps/dirt1b.wav
chars/snd/footsteps/dirt2a.wav
chars/snd/footsteps/dirt2b.wav
guns/snd/impacts/terrain/impactgrenade.wav
guns/snd/impacts/snow/impact1.wav
guns/snd/impacts/snow/impact2.wav
chars/snd/footsteps/snow1a.wav
chars/snd/footsteps/snow1b.wav
chars/snd/footsteps/snow2a.wav
chars/snd/footsteps/snow2b.wav
guns/snd/impacts/mud/impact1.wav
guns/snd/impacts/mud/impact2.wav
guns/snd/shells/mud.wav
chars/snd/footsteps/mud1a.wav
chars/snd/footsteps/mud1b.wav
chars/snd/footsteps/mud2a.wav
chars/snd/footsteps/mud2b.wav
chars/snd/femalebodyfall_mud.wav
chars/snd/malebodyfall_mud.wav
chars/snd/footsteps/grass1a.wav
chars/snd/footsteps/grass1b.wav
chars/snd/footsteps/grass2a.wav
chars/snd/footsteps/grass2b.wav
guns/snd/shells/drywall.wav
chars/snd/footsteps/cloth1a.wav
chars/snd/footsteps/cloth1b.wav
guns/snd/impacts/plastic/impact1.wav
guns/snd/impacts/plastic/impact2.wav
guns/snd/shells/linoleum.wav
chars/snd/footsteps/linoleum1a.wav
chars/snd/footsteps/linoleum1b.wav
chars/snd/footsteps/linoleum2a.wav
chars/snd/footsteps/linoleum2b.wav
chars/snd/malebodyfall_wood.wav
chars/snd/malebodyfall_metal.wav
guns/snd/impacts/electronics/impact1.wav
guns/snd/impacts/electronics/impact2.wav
guns/snd/impacts/melee/electronics/impact1.wav
guns/snd/impacts/melee/electronics/impact2.wav
chars/snd/footsteps/gravel1a.wav
chars/snd/footsteps/gravel1b.wav
chars/snd/footsteps/gravel2a.wav
chars/snd/footsteps/gravel2b.wav
chars/snd/footsteps/rubber1a.wav
chars/snd/footsteps/rubber1b.wav
chars/snd/footsteps/rubber2a.wav
chars/snd/footsteps/rubber2b.wav
guns/snd/impacts/sword/bulletsword_01.wav
guns/snd/impacts/sword/bulletsword_02.wav
chars/snd/footsteps/woodladder1a.wav
chars/snd/footsteps/woodladder1b.wav
chars/snd/footsteps/woodladder2a.wav
chars/snd/footsteps/woodladder2b.wav
snd/doors/mtldrawerlocked1.wav
1.60
props/models/iinote.ltb
models/default.ltb
props/models/jpalarm.ltb
props/models/pupackage1.ltb
guns/models_hh/coin.ltb
has
props/models/gentree1.ltb
props/models/jplanterntall1o.ltb
props/models/jplanternrnd1o.ltb
props/models/jpchime.ltb
guns/models_hh/crossbow.ltb
props/models/iidossier.ltb
chars/models/ninja.ltb
chars/models/ninjabase.ltb
guns/models_hh/katana.ltb
props/models/genmynahb.ltb
props/models/genleaffall1.ltb
chars/models/hero_action.ltb
chars/models/cinematic/cate_ch01.ltb
chars/models/unityagent.ltb
chars/models/miscbase.ltb
chars/models/katanabase.ltb
chars/models/cinematic/gen_ch01.ltb
props/models/jpmapletr.ltb
props/models/jppost.ltb
props/models/genplantpot3.ltb
props/models/orchid.ltb
props/models/jpsandals1.ltb
props/models/gentrashbag1.ltb
props/models/gentrashbag2.ltb
props/models/inbicycle.ltb
props/snd/pu_paper.wav
/chars/models/anims/smokingsection.ltb
/chars/models/anims/admirescenery.ltb
fx/waterfall1.ltb
rs/translucent_nodiffuse.ltb
30
fx/waterfall2.ltb
0
guns/models_pv/katana.ltb
guns/snd/katana/select.wav
guns/snd/katana/deselect.wav
attributes/animationsninja.txt
attributes/animationshuman.txt
guns/models_pv/crossbow.ltb
guns/snd/crossbow/fire.wav
guns/snd/crossbow/reload1.wav
guns/snd/crossbow/select.wav
guns/snd/crossbow/deselect.wav
guns/projectiles/snd/bolt.wav
guns/projectiles/models/bolt.ltb
guns/snd/impacts/explosions/phos.wav
guns/snd/impacts/explosions/cyanide.wav
guns/snd/impacts/explosions/explosiveround.wav
guns/snd/sniper/sniperzoom.wav
guns/models_pv/scope.ltb
interface/snd/bleedloop.wav
interface/snd/poisonloop1.wav
interface/snd/stunloop1.wav
interface/snd/yawn0.wav
interface/snd/sleeploop1.wav
interface/snd/gasp1.wav
worlds/retailsingleplayer/c01s01.txt
props/models/jpbush1.ltb
guns/models_pv/coin.ltb
guns/projectiles/models/coinproj.ltb
fx/debris/models/paper1.ltb
fx/debris/models/paper2.ltb
fx/debris/models/paper3.ltb
props/models/jplighthang1o.ltb
fx/debris/models/leaf1.ltb
fx/debris/models/vasec.ltb
fx/debris/models/leaf3.ltb
fx/debris/models/leaf2.ltb
fx/debris/models/chunk1.ltb
fx/debris/models/chunk2.ltb
fx/debris/models/chunk3.ltb
fx/debris/models/chunk4.ltb
fx/debris/models/machinery_01a.ltb
fx/debris/models/machinery_01b.ltb
fx/debris/models/machinery_01c.ltb
fx/debris/models/machinery_01d.ltb
fx/debris/models/machinery_01e.ltb
attachments/models/fedora.ltb
rs/pv_envmap.ltb
guns/models_hh/camera.ltb
guns/models_pv/camera.ltb
rs/pv_glass.ltb
guns/models_hh/tazer.ltb
guns/models_pv/tazer.ltb
interface/menu/models/loading.ltb
interface/menu/models/load.ltb
attachments/models/lantern.ltb
props/models/puarmor.ltb
rs/ninjatranslucent.ltb
rs/transparent.ltb
rs/glow.ltb
snd/doors/wooddoorhvyopn_1.wav
snd/doors/wooddoorhvycls_1.wav
snd/doors/wooddoor_open4.wav
snd/doors/wooddoor_close4.wav
music/island/islande8.wav
fx/debris/snd/foliage/gib_1.wav
fx/debris/snd/foliage/gib_2.wav
fx/debris/snd/foliage/explode_1.wav
fx/debris/snd/foliage/explode_2.wav
snd/amb/wind_light1.wav
snd/amb/jpevening.wav
snd/amb/waterfall_lg.wav
snd/amb/waterfall_lg_dist.wav
snd/amb/waterlapping_01.wav
voice/20796.wav
voice/20797.wav
voice/20799.wav
voice/20798.wav
voice/20807.wav
voice/20809.wav
voice/20810.wav
voice/20811.wav
voice/20812.wav
voice/20813.wav
voice/20925.wav
voice/20926.wav
voice/20814.wav
voice/20815.wav
voice/20816.wav
voice/20817.wav
voice/20818.wav
voice/20819.wav
voice/20820.wav
voice/20824.wav
voice/20825.wav
voice/20835.wav
voice/20836.wav
voice/20837.wav
voice/20838.wav
voice/20839.wav
voice/20840.wav
voice/20841.wav
voice/20842.wav
voice/20843.wav
voice/20844.wav
voice/20845.wav
voice/20846.wav
voice/20847.wav
voice/20873.wav
voice/20874.wav
voice/20902.wav
voice/20920.wav
voice/20921.wav
voice/20821.wav
voice/20822.wav
voice/20823.wav
voice/20924.wav
voice/20894.wav
voice/20895.wav
voice/20896.wav
voice/20897.wav
voice/20898.wav
voice/20899.wav
voice/20900.wav
voice/20901.wav
voice/20848.wav
voice/20849.wav
voice/20826.wav
voice/20827.wav
voice/20828.wav
voice/20831.wav
voice/20865.wav
voice/20866.wav
voice/20867.wav
voice/20856.wav
voice/20857.wav
voice/20858.wav
voice/20862.wav
voice/20863.wav
voice/20853.wav
music/island/islande9.wav
voice/20854.wav
music/island/islande10.wav
voice/20855.wav
voice/20859.wav
voice/20860.wav
voice/20861.wav
voice/20850.wav
voice/20851.wav
voice/20852.wav
voice/20868.wav
voice/20869.wav
voice/20871.wav
voice/20872.wav
voice/20875.wav
voice/20876.wav
voice/20877.wav
voice/20878.wav
voice/20879.wav
voice/20880.wav
voice/20881.wav
voice/20882.wav
voice/20883.wav
voice/20884.wav
voice/20888.wav
voice/20889.wav
voice/20890.wav
voice/20891.wav
voice/20833.wav
voice/20906.wav
voice/20907.wav
voice/20885.wav
voice/20886.wav
voice/20887.wav
voice/20908.wav
voice/20910.wav
voice/20911.wav
voice/20912.wav
voice/20913.wav
voice/20914.wav
voice/20915.wav
voice/20916.wav
voice/20917.wav
voice/20918.wav
voice/20919.wav
voice/20922.wav
snd/event/woodblock2.wav
guns/snd/coin/fire.wav
guns/snd/coin/select.wav
guns/snd/coin/deselect.wav
snd/event/lantrnswing_1.wav
snd/event/chimeidle.wav
snd/amb/vendingmachine_1.wav
snd/amb/treeleavesmove1.wav
fx/debris/snd/porcelain/gib_1.wav
fx/debris/snd/porcelain/gib_2.wav
fx/debris/snd/porcelain/explode_1.wav
fx/debris/snd/porcelain/explode_2.wav
fx/debris/snd/smallmetal/gib_1.wav
fx/debris/snd/smallmetal/gib_2.wav
fx/debris/snd/smallmetal/explode_1.wav
fx/debris/snd/smallmetal/explode_2.wav
fx/debris/snd/machinery/gib_1.wav
fx/debris/snd/machinery/gib_2.wav
fx/debris/snd/machinery/explode_1.wav
fx/debris/snd/machinery/explode_2.wav
snd/amb/jpnflycatcher_1off.wav
music/japan/japane1b.wav
music/japan/japane2.wav
music/japan/japane3.wav
music/japan/japane4.wav
music/japan/japane5.wav
music/island/islande11.wav
music/japan/japane6.wav
music/japan/japane7.wav
music/japan/japane8.wav
music/japan/japane9.wav
music/japan/japane10.wav
music/japan/japane11.wav
music/japan/japane12.wav
music/japan/japane13b.wav
music/japan/japane14b.wav
music/japan/japane15.wav
music/japan/japane16.wav
music/japan/japane17.wav
music/japan/japanw2.wav
music/japan/japanw3.wav
music/japan/japanw4.wav
music/japan/japanw5.wav
music/japan/japanw6.wav
music/japan/japanw7.wav
music/japan/japanw8.wav
music/japan/japanw9.wav
music/japan/japanw10.wav
music/japan/japanw11.wav
music/japan/japanw12.wav
music/japan/japanw13.wav
music/japan/japanw14.wav
music/japan/japanw15.wav
music/japan/japanw16.wav
music/japan/japanw17.wav
music/japan/japanw18.wav
music/japan/japanc1.wav
music/japan/japanc2.wav
music/japan/japanc3.wav
music/japan/japanc4.wav
music/japan/japanc5.wav
music/japan/japanc6.wav
music/japan/japanc7.wav
music/japan/japanc8.wav
music/japan/japanc30.wav
music/japan/japanc10.wav
music/japan/japanc11.wav
music/japan/japanc12.wav
music/japan/japanc13.wav
music/japan/japanc14.wav
music/japan/japanc21.wav
music/japan/japanc15.wav
music/japan/japanc16.wav
music/japan/japanc17.wav
music/japan/japanc18.wav
music/japan/japanc19.wav
music/japan/japanc20.wav
music/japan/japanc22.wav
music/japan/japanc23.wav
music/japan/japanc24.wav
music/japan/japanc25.wav
music/island/islande12.wav
music/japan/japanc26.wav
music/japan/japanc27.wav
music/japan/japanc28.wav
music/japan/japanc29.wav
music/japan/japanc31.wav
music/japan/japanc32.wav
music/japan/japane0.wav
music/japan/japanw1.wav
music/japan/transes1.wav
music/japan/transew1.wav
music/japan/transec1.wav
music/japan/transes4.wav
music/japan/transec3.wav
music/japan/transes2.wav
music/japan/transew2.wav
music/japan/transec2.wav
music/japan/transws2.wav
music/japan/transwc2.wav
music/japan/transws3.wav
music/japan/transwc3.wav
music/japan/transws4.wav
music/japan/transcs12.wav
music/japan/transcs1.wav
music/japan/transcs2.wav
music/japan/transcs3.wav
music/japan/transcs4.wav
music/japan/transcs5.wav
music/japan/transcs6.wav
music/japan/transcs7.wav
music/japan/transcs8.wav
music/japan/transcs85.wav
music/japan/transcs9.wav
music/japan/transcs10.wav
music/japan/transcs11.wav
interface/snd/pressanykey.wav
interface/snd/type.wav
interface/snd/enter.wav
voice/10918.wav
voice/10902.wav
voice/10919.wav
voice/10903.wav
voice/10904.wav
voice/11001.wav
interface/snd/select.wav
interface/snd/transmission.wav
interface/snd/objadd.wav
guns/snd/camera/fire.wav
guns/snd/camera/dryfire.wav
guns/snd/camera/reload.wav
guns/snd/camera/select.wav
guns/snd/camera/deselect.wav
guns/snd/tazer/fire.wav
guns/snd/tazer/dryfire.wav
guns/snd/tazer/reload1.wav
guns/snd/tazer/select.wav
guns/snd/tazer/deselect.wav
guns/snd/tazer/fireloop.wav
voice/11002.wav
chars/snd/player/pain04.wav
chars/snd/ninja/movement2.wav
snd/amb/jpnwoodpecker2_1off.wav
voice/11003.wav
voice/11004.wav
snd/amb/jpnquail_1off.wav
chars/snd/jump1.wav
chars/snd/jump2.wav
voice/11005.wav
voice/11006.wav
snd/amb/jpnwoodpecker1_1off.wav
voice/11008.wav
voice/11009.wav
snd/powerups/pu_weapon.wav
guns/snd/coin/bounce_01.wav
voice/11010.wav
voice/11011.wav
voice/11012.wav
voice/11013.wav
voice/11014.wav
voice/11015.wav
voice/11016.wav
voice/11027.wav
voice/11028.wav
voice/11017.wav
voice/11715.wav
snd/amb/jpnthrush_1off.wav
interface/menu/snd/cheat.wav
fx/debris/snd/bolt/explode_1.wav
fx/debris/snd/bolt/explode_2.wav
fx/debris/snd/bolt/gib_2.wav
fx/debris/snd/bolt/gib_1.wav
voice/11018.wav
voice/11021.wav
voice/11022.wav
voice/11023.wav
music/island/islande13.wav
guns/snd/coin/bounce_02.wav
chars/snd/ninja/movement1.wav
chars/snd/ninja/movement4.wav
chars/snd/ninja/movement10.wav
chars/snd/ninja/movement5.wav
chars/snd/player/pain05.wav
chars/snd/player/pain03.wav
chars/snd/player/death01.wav
chars/snd/ninja/movement8.wav
interface/snd/searchbodyloop.wav
interface/snd/searchcomplete.wav
guns/snd/katana/fire1.wav
guns/snd/katana/fire.wav
guns/snd/katana/fire2.wav
snd/powerups/pu_ammo.wav
chars/snd/bodymovecloth_1.wav
interface/snd/menuopen.wav
interface/snd/menuclose.wav
chars/snd/bodymoveleather_1.wav
snd/powerups/pu_no.wav
interface/snd/reward.wav
voice/11025.wav
voice/11026.wav
snd/event/chimehit.wav
voice/11019.wav
voice/11020.wav
chars/snd/player/pain01.wav
snd/event/touchplant.wav
chars/snd/ninja/movement6.wav
chars/snd/ninja/movement9.wav
chars/snd/ninja/movement7.wav
chars/snd/player/pain02.wav
interface/snd/selectchange.wav
guns/snd/banana/bounce_03.wav
guns/snd/banana/bounce_01.wav
guns/snd/banana/bounce_02.wav
snd/powerups/pu_armor.wav
music/island/islande7.wav
voice/11029.wav
voice/11030.wav
voice/11031.wav
voice/11032.wav
voice/11033.wav
voice/11034.wav
voice/11035.wav
voice/11036.wav
voice/11037.wav
voice/11038.wav
voice/11039.wav
voice/11040.wav
music/island/islande14.wav
music/island/islande15.wav
music/island/islande16.wav
music/island/islande17.wav
music/island/islande18.wav
music/island/islande19.wav
music/island/islande20.wav
music/island/islande21.wav
music/island/islande22.wav
guns/snd/coin/bounce_03.wav
snd/event/ninja_smoke.wav
chars/snd/dropbody.wav
attributes/music.txt
is
seconds
chars/skins/cateaction.dtx
fx/test/imarkbasic.spr
fx/test/imark2.dtx
fx/surface/bhglass1.spr
fx/surface/bholgls1.dtx
fx/test/snow/spr/snowfs_r.spr
fx/test/snow/sprtex/snwfs_r.dtx
fx/test/snow/spr/snowfs_l.spr
fx/test/snow/sprtex/snwfs_l.dtx
fx/test/mud/spr/mudfsr.spr
fx/test/mud/sprtex/mud_fr.dtx
fx/test/mud/spr/mudfsl.spr
fx/test/mud/sprtex/mud_fl.dtx
fx/test/coolsoft2.spr
fx/test/flr0025.dtx
fx/test/puff.spr
fx/test/puff01.dtx
guns/skins_pv/katana.dtx
texfx/renderstyles/clouds2.dtx
guns/skins_pv/crossbow.dtx
texfx/renderstyles/shine.dtx
guns/projectiles/skins/bolt.dtx
guns/skins_pv/scope.dtx
guns/skins_pv/lens2.dtx
texfx/renderstyles/clouds.dtx
texfx/water/jpwater001.dtx
texfx/cubic/jp_bridge1.dtx
guns/skins_pv/coin.dtx
texfx/renderstyles/chrome2.dtx
guns/projectiles/skins/coinproj.dtx
fx/debris/skins/paper.dtx
fx/debris/skins/vase.dtx
fx/debris/skins/trashbag.dtx
fx/debris/skins/metal.dtx
props/skins/gentree1lg.dtx
props/skins/gentree1lr.dtx
tex/japan/tojp002.dtx
props/skins/sipinet2.dtx
tex/japan/tfjp009.dtx
tex/japan/tojp001.dtx
tex/japan/tfjp010.dtx
music/island/islande4.wav
tex/japan/twjp003.dtx
tex/japan/twjp004.dtx
tex/japan/wwjp004.dtx
tex/japan/wcjp003.dtx
tex/japan/cwjp002.dtx
tex/japan/wdjp001.dtx
tex/japan/sojp006.dtx
tex/japan/gwjp003.dtx
tex/japan/swjp010.dtx
tex/japan/wwjp007.dtx
props/skins/gentree1lb.dtx
tex/japan/wwjp023.dtx
tex/japan/swjp005.dtx
tex/japan/wwjp019.dtx
tex/japan/wwjp011.dtx
tex/japan/wojp006.dtx
tex/japan/wojp005.dtx
tex/japan/sojp003.dtx
tex/japan/wwjp003.dtx
tex/japan/sojp004.dtx
tex/japan/wwjp015.dtx
tex/japan/swjp008.dtx
tex/japan/swjp011.dtx
tex/japan/wwjp022.dtx
tex/japan/wwjp021.dtx
tex/japan/swjp001.dtx
tex/japan/wwjp014.dtx
tex/japan/scjp003.dtx
tex/japan/mdjp001.dtx
tex/japan/wwjp002.dtx
tex/japan/gwjp001.dtx
tex/japan/wwjp005.dtx
tex/japan/scjp001.dtx
tex/japan/sojp001.dtx
tex/japan/wojp003.dtx
tex/japan/swjp003.dtx
tex/japan/wwjp001.dtx
tex/japan/wwjp008.dtx
tex/japan/wojp007.dtx
tex/japan/wwjp006.dtx
tex/japan/wdjp005.dtx
tex/japan/wdjp007.dtx
tex/japan/sojp005.dtx
tex/japan/wwjp027.dtx
tex/japan/swjp007.dtx
tex/japan/gwjp002.dtx
tex/japan/oojp002.dtx
tex/japan/wdjp006.dtx
tex/japan/cwjp001.dtx
tex/japan/oojp004.dtx
tex/japan/wwjp024.dtx
tex/japan/oojp011.dtx
tex/japan/oojp010.dtx
tex/japan/oojp007.dtx
tex/japan/oojp013.dtx
tex/japan/oojp009.dtx
tex/japan/oojp008.dtx
tex/japan/oojp006.dtx
tex/japan/oojp012.dtx
tex/japan/oojp005.dtx
tex/japan/scjp004.dtx
props/skins/jpstlightbon.dtx
tex/japan/mwjp001.dtx
texfx/envmapalpha/global003.dtx
tex/japan/wwjp020.dtx
tex/japan/wwjp026.dtx
tex/japan/sojp008.dtx
tex/japan/sfjp005.dtx
tex/japan/oojp003.dtx
tex/japan/wfjp001.dtx
tex/japan/swjp009.dtx
tex/japan/oojp019.dtx
tex/japan/wcjp002.dtx
tex/japan/signs/sjp008.dtx
tex/japan/signs/sjp025.dtx
tex/japan/signs/sjp032.dtx
tex/japan/swjp006.dtx
tex/japan/mojp002.dtx
tex/japan/oojp001.dtx
tex/japan/signs/sjp004.dtx
tex/japan/sfjp006.dtx
props/skins/jpvmachine1.dtx
tex/japan/signs/sjp010.dtx
tex/japan/signs/sjp031.dtx
tex/japan/sojp011.dtx
props/skins/jpvmachine2.dtx
tex/japan/signs/sjp019.dtx
tex/japan/signs/sjp024.dtx
tex/japan/signs/sjp033.dtx
tex/japan/signs/sjp007.dtx
tex/japan/signs/sjp028.dtx
tex/japan/wdjp003.dtx
tex/japan/wdjp004.dtx
tex/japan/signs/sjp030.dtx
tex/japan/sojp007.dtx
props/skins/gentree1ln.dtx
tex/japan/wojp016.dtx
tex/japan/wojp015.dtx
tex/japan/tfjp005.dtx
tex/japan/sfjp007.dtx
tex/japan/swjp013.dtx
props/skins/eurocar3grey.dtx
props/skins/eurocargrey.dtx
tex/japan/wcjp001.dtx
texfx/sky/jpsky001.dtx
props/skins/eurocar2grey.dtx
tex/japan/decals/jp_trail3.dtx
props/skins/jpvmachine1g.dtx
tex/japan/decals/jp_road1.dtx
tex/japan/decals/jp_road2.dtx
tex/japan/decals/jp_trail2.dtx
tex/occluder.dtx
tex/sky.dtx
tex/invisible.dtx
chars/skins/player_action.dtx
chars/skins/player_action_head.dtx
interface/hud/exit.dtx
props/skins/inbicycle.dtx
props/skins/gentrashbag.dtx
props/skins/jpsandals1.dtx
props/skins/genplantpot3b.dtx
props/skins/jppost.dtx
props/skins/jpmapletrt.dtx
props/skins/jpmapletrl.dtx
props/skins/jplantern2rd_on.dtx
props/skins/jpchime.dtx
props/skins/jplighthung1on.dtx
props/skins/jplantern2or_on.dtx
props/skins/jplantern2pu_on.dtx
props/skins/jplantern1.dtx
chars/skins/unityagent.dtx
chars/skins/unityagenthead.dtx
chars/skins/unityagenthat.dtx
props/skins/jpmaplelf.dtx
props/skins/pupackage1.dtx
props/skins/jpalarm.dtx
props/skins/genmynahb.dtx
chars/skins/ninjabody.dtx
chars/skins/ninjahead.dtx
props/skins/iinote2.dtx
props/skins/iidossier.dtx
props/skins/jpbush1l.dtx
props/skins/jpbush1t.dtx
fx/test/waterfall2.dtx
fx/test/sphere4_add.dtx
attachments/skins/fedora.dtx
interface/hud/wpnclass2.dtx
interface/hud/wpnclass1u.dtx
interface/hud/wpnclass3d.dtx
interface/hud/wpnclass4d.dtx
interface/hud/wpnclass5d.dtx
interface/hud/wpnclass6u.dtx
interface/photos/weapons/crossbow.dtx
interface/hud/radar_point.dtx
interface/hud/wpnclass6.dtx
interface/hud/wpnclass2u.dtx
interface/photos/weapons/camera.dtx
guns/skins_pv/actionhands_pv.dtx
interface/photos/ammo/crossbow_def.dtx
interface/hud/wpnclass1.dtx
interface/photos/weapons/tazer.dtx
interface/photos/weapons/holsteru.dtx
interface/photos/weapons/tazeru.dtx
interface/photos/weapons/holster.dtx
guns/skins_pv/camera.dtx
texfx/renderstyles/chrome.dtx
guns/skins_pv/camlens.dtx
interface/photos/ammo/bullet_def.dtx
interface/hud/sprtex/scope1_fade.dtx
interface/hud/sprtex/camera1.dtx
interface/hud/sprtex/zoom0.dtx
interface/hud/sprtex/zoom1.dtx
interface/hud/sprtex/zoom2.dtx
guns/skins_pv/tazer.dtx
fx/guns/tazer/tazer4.dtx
fx/guns/tazer/tazerglow.dtx
interface/photos/ammo/func_sleep.dtx
fx/test/lightning_1.dtx
interface/menu/sprtex/paper1.dtx
interface/photos/weapons/coinx.dtx
interface/photos/weapons/camerau.dtx
interface/photos/weapons/coin.dtx
fx/test/blood/bloodmist2.dtx
fx/test/blood/bloodmist4.dtx
fx/test/particle03.dtx
fx/test/fx006.dtx
fx/test/particle13.dtx
interface/photos/weapons/coinu.dtx
fx/test/blood/bloodsplat2.dtx
fx/test/blood/bloodsplat4.dtx
fx/test/blood/bloodsplat3.dtx
fx/test/blood/bloodsplat1.dtx
interface/photos/weapons/katanax.dtx
interface/menu/sprtex/paper2.dtx
fx/test/smoke2_10.dtx
fx/test/yellowflash.dtx
interface/photos/weapons/katanau.dtx
interface/photos/weapons/katana.dtx
fx/particles/greenpuff1.dtx
fx/particles/greenpuff2.dtx
fx/particles/greenpuff3.dtx
fx/particles/greenpuff4.dtx
interface/photos/weapons/tazerx.dtx
interface/photos/weapons/crossbowx.dtx
interface/photos/weapons/camerax.dtx
interface/photos/weapons/holsterx.dtx
attachments/skins/lantern.dtx
interface/photos/weapons/armorx.dtx
interface/menu/sprtex/loadingc1x.dtx
fx/test/smoke01.dtx
tex/japan/tfjp008.dtx
tex/prototype/island/wes/rock12.dtx
tex/japan/wwjp010.dtx
tex/japan/mojp001.dtx
props/skins/jpbottle1.dtx
props/skins/jpcratey.dtx
tex/japan/oojp014.dtx
props/skins/jpcrater.dtx
tex/japan/sojp013.dtx
props/skins/jpcrateb.dtx
tex/japan/oojp016.dtx
tex/japan/tfjp007.dtx
tex/japan/tfjp006.dtx
tex/japan/twjp001.dtx
tex/japan/wfjp004.dtx
props/skins/jpstnlantno.dtx
tex/japan/oojp017.dtx
texfx/grass/grass2.dtx
interface/menu/sprtex/ninjaletter.dtx
texfx/foliage/leaf3.dtx
texfx/foliage/leaf2.dtx
texfx/foliage/leaf1.dtx
interface/photos/weapons/coind.dtx
interface/photos/ammo/bullet_cyn.dtx
interface/photos/ammo/crossbow_defu.dtx
fx/test/snow/sprtex/snowpuff1.dtx
texfx/texturescripts/global_dust1.dtx
fx/test/snow/sprtex/snowpuff3.dtx
texfx/foliage/paper1.dtx
texfx/foliage/paper2.dtx
texfx/foliage/paper3.dtx
texfx/foliage/sake1.dtx
texfx/foliage/sake2.dtx
texfx/foliage/sake3.dtx
fx/test/snow/sprtex/snowpuff2.dtx
fx/test/flour.dtx
interface/photos/ammo/bullet_cynu.dtx
texfx/water/jpwater001.spr
fx/test/sphereadd5small.spr
interface/hud/spr/scope.spr
interface/hud/spr/camera1.spr
interface/hud/spr/zoomin.spr
interface/hud/spr/zoomout.spr
fx/guns/tazer/glow.spr
fx/test/expparticle.spr
fx/test/smoketest1.spr
fx/test/blood/spr/bloodl2.spr
fx/test/blood/spr/bloodl4.spr
fx/test/blood/spr/bloodl3.spr
fx/test/blood/spr/bloodl1.spr
fx/test/breath.spr
fx/test/additivetest.spr
fx/particles/greenpuff1.spr
music/island/islande5.wav
props/skins/headlamp.dtx
tex/japan/steeringwheel.dtx
chars/skins/catecasualhead.dtx
chars/skins/catecasualhair.dtx
chars/skins/cateactionlash.dtx
interface/menu/sprtex/circle1.dtx
interface/menu/sprtex/circle2.dtx
attributes/weapons.txt
texfx/dampen/jp_bridge3.pcx
props/skins/orchid2.dtx
rs/furshell.ltb
props/skins/orchid1.dtx
texfx/envmap/global006.dtx
rs/envmap.ltb
music/japan/japan.txt
music/japan/silence.sgt
music/japan/explore1.sgt
music/japan/explore1a.sgt
music/japan/explore1b.sgt
music/japan/explore1c.sgt
music/japan/explore1d.sgt
music/japan/explore2.sgt
music/japan/explore3.sgt
music/japan/explore4.sgt
music/japan/explore5.sgt
music/japan/explore6.sgt
music/japan/explore7.sgt
music/japan/warning2.sgt
music/japan/warning3.sgt
music/japan/warning4.sgt
music/japan/warning5.sgt
music/japan/warning6.sgt
music/japan/warning7.sgt
music/japan/warning8.sgt
music/japan/warning9.sgt
music/japan/warning10.sgt
music/japan/warning11.sgt
music/japan/combat1.sgt
music/japan/combat2.sgt
music/japan/combat3.sgt
music/japan/combat4.sgt
music/japan/combat5.sgt
music/japan/combat6.sgt
music/japan/combat7.sgt
music/japan/combat8.sgt
music/japan/combat9.sgt
music/japan/combat10.sgt
music/japan/combat11.sgt
music/japan/combat12.sgt
music/japan/combat13.sgt
music/japan/combat14.sgt
music/japan/combat15.sgt
music/japan/combat16.sgt
music/japan/combat17.sgt
music/japan/combat18.sgt
music/japan/explore0.sgt
music/japan/warning1.sgt
music/japan/transes1.sgt
music/japan/transew1.sgt
music/japan/transec1.sgt
music/japan/transes4.sgt
music/japan/transec3.sgt
music/japan/transes2.sgt
music/japan/transew2.sgt
music/japan/transec2.sgt
music/japan/transes3.sgt
music/japan/transws1.sgt
music/japan/transwc1.sgt
music/japan/transws2.sgt
music/japan/transwc2.sgt
music/japan/transws3.sgt
music/japan/transwc3.sgt
music/japan/transws4.sgt
music/japan/transcs0.sgt
music/japan/transce0.sgt
music/japan/transcw0.sgt
music/japan/transcs1.sgt
music/japan/transce1.sgt
music/japan/transcw1.sgt
music/japan/transcs2.sgt
music/japan/transce2.sgt
music/japan/transcw2.sgt
music/japan/transcs3.sgt
music/japan/transcw3.sgt
music/japan/transcs4.sgt
music/japan/transcw4.sgt
music/japan/transcs5.sgt
music/japan/transcw5.sgt
music/japan/transcs6.sgt
music/japan/transcw6.sgt
music/japan/transcs7.sgt
music/japan/transcw7.sgt
music/japan/transcs8.sgt
music/japan/transcw8.sgt
music/japan/transcs9.sgt
music/japan/transcw9.sgt
music/japan/transcs10.sgt
music/japan/transcw10.sgt
music/japan/transcs11.sgt
music/japan/transcw11.sgt
music/japan/transcs12.sgt
music/japan/transcw12.sgt
voice/11001.lip
voice/11002.lip
player.
voice/11003.lip
voice/11004.lip
fx/debris/models/bolt1.ltb
fx/debris/models/bolt2.ltb
interface/photos/ammo/coin.dtx
interface/photos/weapons/keychain.dtx
interface/photos/weapons/keychainu.dtx
save
fx/beams/elec_blue08.dtx
range
voice/33088.wav
interface/menu/sprtex/square1.dtx
interface/menu/sprtex/square2.dtx
clientfx/clientfx.fxf
1.32
from
guns/models_pv/keychain.ltb
guns/skins_pv/keychain.dtx
rs/pv_keychain.ltb
fx/test/sphereadd.spr
fx/test/sphere_add.dtx
fx/test/sphereadd3.spr
fx/test/sphere3_add.dtx
fx/test/sphereadd2.spr
fx/test/flr0030.dtx
guns/snd/keychain/select.wav
guns/models_hh/keychain.ltb
guns/snd/keychain/deselect.wav
guns/snd/impacts/explosions/explosion1.wav
guns/snd/impacts/explosions/rocket.wav
guns/projectiles/snd/rocket.wav
guns/projectiles/models/missile.ltb
guns/projectiles/skins/missile.dtx
interface/photos/ammo/rocket.dtx
interface/menu/models/mainmenuintro.ltb
interface/menu/skins/mainintroall.dtx
1.34
voice/33089.wav
voice/33081.wav
interface/photos/weapons/keychainx.dtx
voice/33080.wav
guns/snd/camera/camerazoom.wav
voice/33087.wav
voice/33045.wav
voice/33048.wav
voice/33004.wav
voice/33084.wav
voice/33049.wav
voice/33115.wav
voice/32964.wav
fx/test/blood/bloodmist6.dtx
voice/33010.wav
voice/33085.wav
voice/33047.wav
voice/33082.wav
voice/32965.wav
voice/33083.wav
-0.90
voice/33011.wav
voice/33086.wav
interface/snd/playerhidden.wav
1.40
voice/33050.wav
voice/33120.wav
fx/particles/bluepuff1.spr
fx/particles/bluepuff1.dtx
fx/particles/bluepuff2.dtx
fx/particles/bluepuff3.dtx
fx/particles/bluepuff4.dtx
voice/32963.wav
voice/33015.wav
voice/32952.wav
voice/32953.wav
voice/33119.wav
voice/32957.wav
voice/32958.wav
voice/32959.wav
voice/32954.wav
voice/32955.wav
voice/32956.wav
voice/32961.wav
voice/32962.wav
voice/32966.wav
voice/32967.wav
voice/32968.wav
voice/32969.wav
voice/32976.wav
voice/32977.wav
voice/32978.wav
voice/32979.wav
voice/32980.wav
voice/32981.wav
voice/32982.wav
voice/32983.wav
voice/32984.wav
voice/32985.wav
voice/32986.wav
voice/32987.wav
voice/32988.wav
voice/32989.wav
voice/32990.wav
voice/32991.wav
voice/32992.wav
voice/32993.wav
voice/32994.wav
voice/32995.wav
voice/32998.wav
voice/32999.wav
voice/33000.wav
voice/33001.wav
voice/33002.wav
voice/33003.wav
voice/33005.wav
voice/33006.wav
voice/33007.wav
voice/33008.wav
voice/33009.wav
voice/33012.wav
voice/33013.wav
voice/33014.wav
voice/33016.wav
voice/33017.wav
voice/33018.wav
voice/33019.wav
voice/33020.wav
voice/33021.wav
voice/33024.wav
voice/33025.wav
voice/33026.wav
voice/33027.wav
voice/33028.wav
voice/33055.wav
voice/33056.wav
voice/33057.wav
voice/33058.wav
voice/33059.wav
voice/33041.wav
voice/33042.wav
voice/33043.wav
voice/33044.wav
voice/33051.wav
voice/33052.wav
voice/33053.wav
voice/33054.wav
voice/33037.wav
voice/33038.wav
voice/33039.wav
voice/33040.wav
voice/33046.wav
voice/33032.wav
voice/33033.wav
voice/33034.wav
voice/33035.wav
voice/33036.wav
voice/33065.wav
voice/33066.wav
voice/33067.wav
voice/33068.wav
voice/33069.wav
voice/33070.wav
voice/33071.wav
voice/33072.wav
voice/33076.wav
voice/33077.wav
voice/33078.wav
voice/33079.wav
voice/33090.wav
voice/33091.wav
voice/33092.wav
voice/33093.wav
voice/33094.wav
voice/33095.wav
voice/33096.wav
voice/33097.wav
voice/33098.wav
voice/33103.wav
voice/33104.wav
voice/33101.wav
voice/33102.wav
voice/33099.wav
voice/33100.wav
voice/33110.wav
voice/33111.wav
voice/33112.wav
voice/33113.wav
voice/33114.wav
voice/33116.wav
voice/33117.wav
voice/33118.wav
voice/33121.wav
voice/33129.wav
voice/33130.wav
voice/33131.wav
voice/33132.wav
voice/33133.wav
voice/33134.wav
voice/33135.wav
voice/33136.wav
voice/33137.wav
voice/33138.wav
voice/33139.wav
voice/33140.wav
voice/33141.wav
voice/33142.wav
voice/33143.wav
voice/33144.wav
props/models/pujar.ltb
interface/photos/weapons/healthx.dtx
random
couldn't
2.50
ps/blurshadow.ps
leaving
2.09
interface/menu/models/loadback.ltb
on
voice/10918.lip
voice/10902.lip
trigger
voice/10919.lip
voice/10903.lip
voice/10904.lip
intersecting
contact
line:
interface/menu/models/loadtext.ltb
1.28
1guardidle01
1guardidle02
noname243
1.27
ninja03
noname107
noname111
ninja04
noname93
noname123
noname96
ninja02
1.26
