
chars/models/player_action.ltb
chars/models/deathbase.ltb
chars/models/playerbase.ltb
guns/snd/impacts/stone/impact1.wav
guns/snd/impacts/stone/impact2.wav
guns/snd/impacts/melee/gen/impact1.wav
guns/snd/impacts/melee/gen/impact2.wav
guns/snd/impacts/projectile/stone/impact1.wav
guns/snd/impacts/projectile/stone/impact2.wav
guns/snd/shells/stone.wav
chars/snd/footsteps/foottile1a.wav
chars/snd/footsteps/foottile1b.wav
chars/snd/footsteps/foottile2a.wav
chars/snd/footsteps/foottile2b.wav
chars/snd/femalebodyfall_ground.wav
chars/snd/malebodyfall_ground.wav
guns/snd/impacts/stone/impactgrenade.wav
guns/snd/impacts/flesh/impact1.wav
guns/snd/impacts/flesh/impact2.wav
guns/snd/impacts/melee/flesh/impact1.wav
guns/snd/impacts/melee/flesh/impact2.wav
guns/snd/impacts/projectile/flesh/impact1.wav
guns/snd/impacts/projectile/flesh/impact2.wav
guns/snd/impacts/cloth/impact1.wav
guns/snd/impacts/cloth/impact2.wav
guns/snd/impacts/projectile/cloth/impact1.wav
guns/snd/impacts/projectile/cloth/impact2.wav
guns/snd/impacts/cloth/impactgrenade.wav
chars/snd/footsteps/ladder1a.wav
chars/snd/footsteps/ladder1b.wav
chars/snd/footsteps/ladder2a.wav
chars/snd/footsteps/ladder2b.wav
guns/snd/impacts/water/impact1.wav
guns/snd/impacts/water/impact2.wav
guns/snd/impacts/melee/liquid/impact1.wav
guns/snd/impacts/melee/liquid/impact2.wav
guns/snd/shells/liquid.wav
chars/snd/footsteps/water1a.wav
chars/snd/footsteps/water1b.wav
chars/snd/footsteps/water2a.wav
chars/snd/footsteps/water2b.wav
chars/snd/femalebodyfall_water.wav
chars/snd/malebodyfall_water.wav
guns/snd/banana/liquid.wav
guns/snd/impacts/fence/impact1.wav
guns/snd/impacts/fence/impact2.wav
guns/snd/impacts/melee/fence/impact1.wav
guns/snd/impacts/melee/fence/impact2.wav
guns/snd/shells/metal.wav
chars/snd/footsteps/tinmetal1a.wav
chars/snd/footsteps/tinmetal1b.wav
chars/snd/footsteps/tinmetal2a.wav
chars/snd/footsteps/tinmetal2b.wav
chars/snd/femalebodyfall_metal.wav
guns/snd/impacts/metal_sm/impactgrenade.wav
guns/snd/impacts/melee/stone/impact1.wav
guns/snd/impacts/melee/stone/impact2.wav
chars/snd/footsteps/stone1a.wav
chars/snd/footsteps/stone1b.wav
chars/snd/footsteps/stone2a.wav
chars/snd/footsteps/stone2b.wav
guns/snd/impacts/metal_bg/impact1.wav
guns/snd/impacts/metal_bg/impact2.wav
guns/snd/impacts/melee/metal/impact1.wav
guns/snd/impacts/melee/metal/impact2.wav
guns/snd/impacts/projectile/metal/impact1.wav
guns/snd/impacts/projectile/metal/impact2.wav
chars/snd/footsteps/metal1a.wav
chars/snd/footsteps/metal1b.wav
chars/snd/footsteps/metal2a.wav
chars/snd/footsteps/metal2b.wav
guns/snd/impacts/metal_sm/impact1.wav
guns/snd/impacts/metal_sm/impact2.wav
guns/snd/shells/tin.wav
guns/snd/impacts/wood/impact1.wav
guns/snd/impacts/wood/impact2.wav
guns/snd/impacts/melee/wood/impact1.wav
guns/snd/impacts/melee/wood/impact2.wav
guns/snd/impacts/projectile/wood/impact1.wav
guns/snd/impacts/projectile/wood/impact2.wav
guns/snd/shells/wood.wav
chars/snd/footsteps/wood1a.wav
chars/snd/footsteps/wood1b.wav
chars/snd/footsteps/wood2a.wav
chars/snd/footsteps/wood2b.wav
chars/snd/femalebodyfall_wood.wav
guns/snd/impacts/wood/impactgrenade.wav
guns/snd/impacts/glass/impact1.wav
guns/snd/impacts/glass/impact2.wav
guns/snd/impacts/melee/glass/impact1.wav
guns/snd/impacts/melee/glass/impact2.wav
guns/snd/impacts/projectile/glass/impact1.wav
guns/snd/impacts/projectile/glass/impact2.wav
guns/snd/shells/glass.wav
chars/snd/footsteps/glass1a.wav
chars/snd/footsteps/glass1b.wav
chars/snd/footsteps/glass2a.wav
chars/snd/footsteps/glass2b.wav
guns/snd/impacts/glass/impactgrenade.wav
chars/snd/footsteps/bulletglass1a.wav
chars/snd/footsteps/bulletglass1b.wav
chars/snd/footsteps/bulletglass2a.wav
chars/snd/footsteps/bulletglass2b.wav
guns/snd/impacts/terrain/impact1.wav
guns/snd/impacts/terrain/impact2.wav
guns/snd/impacts/melee/dirt/impact1.wav
guns/snd/impacts/melee/dirt/impact2.wav
guns/snd/shells/dirt.wav
chars/snd/footsteps/dirt1a.wav
chars/snd/footsteps/dirt1b.wav
chars/snd/footsteps/dirt2a.wav
chars/snd/footsteps/dirt2b.wav
guns/snd/impacts/terrain/impactgrenade.wav
guns/snd/impacts/snow/impact1.wav
guns/snd/impacts/snow/impact2.wav
chars/snd/footsteps/snow1a.wav
chars/snd/footsteps/snow1b.wav
chars/snd/footsteps/snow2a.wav
chars/snd/footsteps/snow2b.wav
guns/snd/impacts/mud/impact1.wav
guns/snd/impacts/mud/impact2.wav
guns/snd/shells/mud.wav
chars/snd/footsteps/mud1a.wav
chars/snd/footsteps/mud1b.wav
chars/snd/footsteps/mud2a.wav
chars/snd/footsteps/mud2b.wav
chars/snd/femalebodyfall_mud.wav
chars/snd/malebodyfall_mud.wav
chars/snd/footsteps/grass1a.wav
chars/snd/footsteps/grass1b.wav
chars/snd/footsteps/grass2a.wav
chars/snd/footsteps/grass2b.wav
guns/snd/shells/drywall.wav
chars/snd/footsteps/cloth1a.wav
chars/snd/footsteps/cloth1b.wav
guns/snd/impacts/plastic/impact1.wav
guns/snd/impacts/plastic/impact2.wav
guns/snd/shells/linoleum.wav
chars/snd/footsteps/linoleum1a.wav
chars/snd/footsteps/linoleum1b.wav
chars/snd/footsteps/linoleum2a.wav
chars/snd/footsteps/linoleum2b.wav
chars/snd/malebodyfall_wood.wav
chars/snd/malebodyfall_metal.wav
guns/snd/impacts/electronics/impact1.wav
guns/snd/impacts/electronics/impact2.wav
guns/snd/impacts/melee/electronics/impact1.wav
guns/snd/impacts/melee/electronics/impact2.wav
chars/snd/footsteps/gravel1a.wav
chars/snd/footsteps/gravel1b.wav
chars/snd/footsteps/gravel2a.wav
chars/snd/footsteps/gravel2b.wav
chars/snd/footsteps/rubber1a.wav
chars/snd/footsteps/rubber1b.wav
chars/snd/footsteps/rubber2a.wav
chars/snd/footsteps/rubber2b.wav
guns/snd/impacts/sword/bulletsword_01.wav
guns/snd/impacts/sword/bulletsword_02.wav
1.88
props/models/gtpadlock.ltb
models/default.ltb
guns/models_hh/banana.ltb
props/models/puarmor.ltb
guns/models_hh/sniper.ltb
guns/models_hh/timebomb.ltb
props/models/pubandage.ltb
props/models/puammobox.ltb
props/models/genfilgpaper.ltb
props/models/genbulb.ltb
props/models/genbulb2.ltb
props/models/gentoiletpaper.ltb
props/models/genflight1.ltb
guns/models_hh/stun.ltb
props/models/snowmobile.ltb
props/models/siboots1.ltb
props/models/gentrashpaper.ltb
props/models/sicup1.ltb
props/models/genclipbrd.ltb
props/models/sichair1.ltb
props/models/gengreasepan.ltb
props/models/silamp1.ltb
props/models/sicofepot1.ltb
props/models/genmatchbook2.ltb
props/models/siboots2.ltb
props/models/genpillow.ltb
props/models/genlunchbox.ltb
props/models/siboots3.ltb
props/models/genbottle.ltb
props/models/gencigbox.ltb
props/models/genashtray.ltb
props/models/genbroom.ltb
props/models/genwrenchp.ltb
props/models/sigascan.ltb
props/models/genthermos.ltb
props/models/siradio1.ltb
props/models/sipot1.ltb
props/models/iifilefolder1.ltb
props/models/iiletter1.ltb
chars/models/soldrsov.ltb
chars/models/riflebase.ltb
chars/models/miscbase.ltb
chars/models/soldrwntr.ltb
guns/models_hh/ak47.ltb
attachments/models/sovietcap.ltb
attachments/models/sovwntrhat.ltb
/chars/models/anims/chair.ltb
/chars/models/anims/urinal.ltb
/chars/models/anims/smokingsection.ltb
/chars/models/anims/leanback.ltb
/chars/models/anims/bedtime.ltb
/chars/models/anims/standsleep.ltb
/chars/models/anims/admirescenery.ltb
/chars/models/anims/outdoorurinal.ltb
/chars/models/anims/desk.ltb
/chars/models/anims/filecabinet.ltb
snd/event/fireext_01.wav
snd/event/truckfirelp_1.wav
fx/test/fxrig01.ltb
snd/event/truckexp_1.wav
props/snd/pu_paper.wav
attributes/animationshuman.txt
guns/models_pv/ak47.ltb
guns/snd/ak47/reload1.wav
guns/snd/ak47/reload2.wav
guns/snd/ak47/fire.wav
guns/snd/ak47/fireloop.wav
guns/snd/ak47/select.wav
guns/snd/ak47/deselect.wav
guns/shellcasings/models/ak47.ltb
guns/snd/impacts/explosions/phos.wav
guns/models_pv/stun.ltb
guns/snd/grenade/idle_1.wav
guns/snd/grenade/idle_2.wav
guns/snd/grenade/fire.wav
guns/snd/grenade/firetoss.wav
guns/snd/grenade/select.wav
guns/snd/grenade/deselect.wav
guns/snd/impacts/explosions/gren_02.wav
guns/projectiles/models/stun.ltb
interface/snd/bleedloop.wav
interface/snd/poisonloop1.wav
interface/snd/stunloop1.wav
interface/snd/yawn0.wav
interface/snd/sleeploop1.wav
interface/snd/gasp1.wav
worlds/retailsingleplayer/c03s03.txt
interface/menu/models/loading.ltb
interface/menu/models/load.ltb
props/models/gtpadlock2b.ltb
props/models/gttarget.ltb
guns/models_pv/banana.ltb
guns/projectiles/models/banana.ltb
guns/models_pv/timebomb.ltb
guns/projectiles/models/timebomb.ltb
guns/models_pv/sniper.ltb
guns/shellcasings/models/sniper.ltb
guns/models_pv/silencer.ltb
props/models/gendorknob2l.ltb
fx/debris/models/porcelain1.ltb
fx/debris/models/porcelain2.ltb
fx/debris/models/porcelain3.ltb
fx/debris/models/durianl1b.ltb
fx/debris/models/shard1a.ltb
fx/debris/models/shard1b.ltb
fx/debris/models/shard1c.ltb
fx/debris/models/shard1d.ltb
fx/debris/models/shard1e.ltb
fx/debris/models/glass_01a.ltb
fx/debris/models/glass_01b.ltb
fx/debris/models/glass_01c.ltb
fx/debris/models/glass_01d.ltb
fx/debris/models/glass_01e.ltb
props/models/genwrenchc.ltb
props/models/genstkdpaper.ltb
chars/models/pilot.ltb
attachments/models/flask.ltb
attachments/models/cigarette.ltb
/chars/models/anims/leanright.ltb
guns/models_pv/tazer.ltb
guns/models_hh/tazer.ltb
guns/models_pv/launcher.ltb
guns/models_hh/launcher.ltb
guns/projectiles/models/disablerproj.ltb
guns/models_pv/scope.ltb
guns/models_pv/lockpick.ltb
guns/models_hh/lockpick.ltb
snd/switches/lightswitchon_1.wav
guns/snd/impacts/water/impactgrenade.wav
snd/amb/windsnow_1.wav
snd/amb/radiochatter_1.wav
snd/amb/telewireloop.wav
snd/amb/oldstove_1.wav
snd/amb/wind_light2.wav
snd/event/truckpullup_1.wav
voice/20087.wav
voice/20088.wav
voice/20089.wav
voice/20090.wav
voice/20091.wav
voice/20019.wav
voice/20020.wav
voice/20021.wav
voice/20022.wav
voice/20105.wav
voice/20106.wav
voice/20028.wav
voice/20029.wav
voice/20107.wav
voice/20108.wav
voice/20092.wav
voice/20093.wav
voice/20023.wav
voice/20024.wav
voice/20100.wav
voice/20101.wav
voice/20102.wav
voice/20103.wav
voice/20104.wav
voice/20025.wav
voice/20026.wav
voice/20027.wav
voice/20113.wav
voice/20114.wav
voice/20115.wav
voice/20034.wav
voice/20035.wav
voice/20036.wav
voice/20037.wav
voice/20038.wav
voice/20039.wav
voice/20040.wav
voice/20041.wav
voice/20099.wav
voice/20004.wav
voice/20065.wav
voice/20005.wav
voice/20068.wav
voice/20006.wav
voice/20007.wav
voice/20069.wav
voice/20070.wav
voice/20008.wav
voice/20009.wav
voice/20071.wav
voice/20072.wav
voice/20010.wav
voice/20073.wav
voice/20074.wav
voice/20011.wav
voice/20060.wav
voice/20075.wav
voice/20076.wav
voice/20050.wav
voice/20052.wav
voice/20054.wav
voice/20056.wav
voice/20058.wav
voice/20001.wav
voice/20002.wav
voice/20003.wav
voice/20081.wav
voice/20082.wav
voice/20014.wav
voice/20015.wav
voice/20110.wav
voice/20111.wav
voice/20030.wav
voice/20031.wav
voice/20032.wav
voice/20033.wav
voice/20094.wav
voice/20095.wav
voice/20097.wav
voice/20083.wav
voice/20084.wav
voice/20085.wav
voice/20086.wav
voice/20017.wav
voice/20018.wav
voice/20077.wav
voice/20078.wav
voice/20012.wav
voice/20013.wav
guns/snd/lockpick/fire.wav
guns/snd/lockpick/unlock.wav
fx/debris/snd/lock/gib_1.wav
fx/debris/snd/lock/gib_2.wav
fx/debris/snd/lock/explode_1.wav
fx/debris/snd/lock/explode_2.wav
guns/snd/banana/fire.wav
props/snd/pu_armor.wav
guns/snd/timebomb/fire.wav
guns/snd/timebomb/select.wav
guns/snd/timebomb/deselect.wav
interface/snd/arrowdown.wav
guns/snd/sniper/fire.wav
guns/snd/sniper/reload1.wav
guns/snd/sniper/reload2.wav
guns/snd/impacts/explosions/cyanide.wav
snd/amb/electricalbuzz.wav
snd/event/0204explosion.wav
snd/doors/wooddoor_open1.wav
snd/doors/wooddoor_close1.wav
snd/doors/woodlocked1.wav
snd/event/toiletlidopen_1.wav
snd/event/toiletlidclose_1.wav
fx/debris/snd/board/gib_1.wav
fx/debris/snd/board/gib_2.wav
fx/debris/snd/board/explode_1.wav
fx/debris/snd/board/explode_2.wav
snd/event/toiletflush_1.wav
snd/doors/faucet_on.wav
snd/doors/faucet_off.wav
snd/doors/chestopn_2.wav
snd/doors/chestcls_2.wav
snd/doors/chestlocked_2.wav
snd/doors/deskdraweropn_1.wav
snd/doors/deskdrawercls_1.wav
snd/doors/mtldrawerlocked1.wav
snd/doors/deskdraweropn_2.wav
snd/doors/deskdrawercls_2.wav
snd/doors/mtlcabstoragecls_1.wav
snd/doors/mtlcabstorageopn_1.wav
snd/doors/mtldraweropn_2.wav
snd/doors/mtldrawercls_2.wav
fx/debris/snd/smallglass/gib_1.wav
fx/debris/snd/smallglass/explode_1.wav
fx/debris/snd/smallglass/explode_2.wav
fx/debris/snd/wood/gib_1.wav
fx/debris/snd/wood/gib_2.wav
fx/debris/snd/wood/explode_1.wav
fx/debris/snd/wood/explode_2.wav
fx/debris/snd/bigglass/gib_1.wav
fx/debris/snd/bigglass/gib_2.wav
fx/debris/snd/bigglass/explode_1.wav
fx/debris/snd/bigglass/explode_2.wav
snd/event/urinalflush_1.wav
snd/switches/lightswitchoff_1.wav
snd/event/lightblbscrwon_1.wav
snd/event/lightblbscrwoff_1.wav
snd/event/lightceilswing_2.wav
snd/event/truckhorn.wav
snd/doors/chainlinkfenceopn_1.wav
snd/doors/chainlinkfencecls_1.wav
snd/doors/chainlinklock_1.wav
guns/snd/banana/bounce_01.wav
interface/snd/searchcomplete.wav
interface/snd/searchproploop.wav
interface/snd/searchbodyloop.wav
guns/snd/banana/bounce_03.wav
chars/snd/jump1.wav
chars/snd/player/pain05.wav
interface/menu/snd/cheat.wav
voice/11152.wav
guns/snd/sniper/silenced.wav
chars/snd/bodymoveleather_1.wav
snd/event/flaskcap_02.wav
snd/event/flaskcap_01.wav
voice/11170.wav
voice/11171.wav
voice/11172.wav
voice/11173.wav
voice/11174.wav
voice/11175.wav
voice/11176.wav
voice/11177.wav
voice/11178.wav
voice/11179.wav
voice/11180.wav
chars/snd/jump2.wav
guns/snd/tazer/dryfire.wav
guns/snd/tazer/reload1.wav
guns/snd/tazer/fire.wav
guns/snd/tazer/fireloop.wav
guns/snd/tazer/select.wav
guns/snd/tazer/deselect.wav
guns/snd/utilitylauncher/fire.wav
guns/snd/utilitylauncher/dryfire.wav
guns/snd/utilitylauncher/reload1.wav
guns/snd/utilitylauncher/reload2.wav
guns/snd/utilitylauncher/select.wav
guns/snd/utilitylauncher/deselect.wav
guns/projectiles/snd/bolt.wav
guns/snd/lockpick/select.wav
guns/snd/lockpick/deselect.wav
interface/snd/objadd.wav
interface/snd/menuopen.wav
interface/snd/selectchange.wav
interface/snd/menuclose.wav
chars/snd/player/pain01.wav
chars/snd/player/pain03.wav
snd/event/movechair2.wav
snd/event/movechair1.wav
chars/snd/player/pain02.wav
chars/snd/player/pain04.wav
chars/snd/player/death01.wav
interface/snd/pagenext.wav
snd/event/bottlefall_3.wav
guns/snd/banana/bounce_02.wav
guns/snd/banana/bananafall.wav
snd/event/bottlefall_4.wav
chars/snd/bodymovecloth_1.wav
attributes/music.txt
seconds
chars/skins/cateaction.dtx
fx/test/imarkbasic.spr
fx/test/imark2.dtx
fx/surface/bhglass1.spr
fx/surface/bholgls1.dtx
fx/test/snow/spr/snowfs_r.spr
fx/test/snow/sprtex/snwfs_r.dtx
fx/test/snow/spr/snowfs_l.spr
fx/test/snow/sprtex/snwfs_l.dtx
fx/test/mud/spr/mudfsr.spr
fx/test/mud/sprtex/mud_fr.dtx
fx/test/mud/spr/mudfsl.spr
fx/test/mud/sprtex/mud_fl.dtx
fx/test/firesml.spr
fx/test/fire_sml_0.dtx
fx/test/fire_sml_1.dtx
fx/test/fire_sml_2.dtx
fx/test/fire_sml_3.dtx
fx/test/fire_sml_4.dtx
fx/test/fire_sml_5.dtx
fx/test/coolsoft1.spr
fx/test/flr0030.dtx
fx/test/smallsparkflicker.spr
fx/test/spark_sm1.dtx
fx/test/spark_sm2.dtx
fx/test/coolsoft2.spr
fx/test/flr0025.dtx
fx/comm/tower1.spr
fx/comm/tower/towr_0000.dtx
fx/comm/tower/towr_0005.dtx
fx/comm/tower/towr_0010.dtx
fx/comm/tower/towr_0015.dtx
fx/comm/tower/towr_0020.dtx
fx/comm/tower/towr_0025.dtx
fx/comm/tower/towr_0030.dtx
fx/comm/tower/towr_0035.dtx
fx/comm/tower/towr_0040.dtx
fx/comm/tower/towr_0045.dtx
fx/comm/tower/towr_0050.dtx
fx/comm/tower/towr_0055.dtx
fx/comm/tower/towr_0060.dtx
fx/comm/tower/towr_0065.dtx
fx/comm/tower/towr_0070.dtx
fx/comm/tower/towr_0075.dtx
fx/exp1.spr
fx/exp1/exp01.dtx
fx/exp1/exp02.dtx
fx/exp1/exp03.dtx
fx/exp1/exp04.dtx
fx/exp1/exp05.dtx
fx/exp1/exp06.dtx
fx/exp1/exp07.dtx
fx/exp1/exp08.dtx
fx/exp1/exp09.dtx
fx/exp1/exp10.dtx
fx/exp1/exp11.dtx
fx/exp1/exp12.dtx
fx/exp1/exp13.dtx
guns/skins_pv/ak47.dtx
texfx/renderstyles/chrome.dtx
guns/shellcasings/skins/ak47.dtx
guns/skins_pv/stun.dtx
texfx/renderstyles/shine.dtx
interface/menu/sprtex/loadingc3.dtx
props/skins/gtpadlock.dtx
guns/skins_pv/banana.dtx
texfx/renderstyles/bananashine.dtx
guns/skins_pv/timebomb.dtx
texfx/renderstyles/clouds2.dtx
guns/skins_pv/bomblens.dtx
texfx/renderstyles/clouds.dtx
guns/skins_pv/sniper.dtx
guns/skins_pv/lens2.dtx
guns/shellcasings/skins/sniper.dtx
guns/skins_pv/silencer.dtx
fx/debris/skins/porcelain.dtx
texfx/water/global001_small.dtx
texfx/envmapalpha/global005.dtx
props/skins/sibottle1.dtx
fx/debris/skins/shard.dtx
fx/debris/skins/glass_01.dtx
props/skins/genstkdpaper.dtx
props/skins/gendorknob2b.dtx
props/skins/genwrenchc.dtx
props/skins/genclipbrd.dtx
props/skins/genbroom.dtx
props/skins/sicup1.dtx
props/skins/sigascan.dtx
props/skins/sichair1.dtx
props/skins/genfilgpaper.dtx
props/skins/genbulb1.dtx
props/skins/genthermos.dtx
props/skins/genlunchbox.dtx
props/skins/siradio1.dtx
props/skins/siboots1.dtx
props/skins/gentrashpaper2.dtx
props/skins/genflight1.dtx
props/skins/gengreasepan.dtx
props/skins/gentoiletpaper.dtx
props/skins/sipot1w.dtx
props/skins/genpillow1.dtx
props/skins/gencigbox.dtx
props/skins/genashtray1b.dtx
props/skins/sicofepot1.dtx
props/skins/silamp1off.dtx
props/skins/genmatchbook1.dtx
props/skins/puarmor.dtx
props/skins/gttarget.dtx
chars/skins/soldrsov.dtx
chars/skins/soldrwntr.dtx
props/skins/iifilefolder1.dtx
props/skins/iiletter1.dtx
fx/test/blood/bloodl2.dtx
fx/test/blood/bloodl3.dtx
fx/test/blood/bloodl4.dtx
fx/test/blood/bloodl1.dtx
fx/test/blood/bloodmist2.dtx
fx/test/blood/bloodmist4.dtx
fx/test/particle03.dtx
fx/test/smoke01.dtx
interface/menu/sprtex/paper3.dtx
interface/photos/weapons/ak47.dtx
interface/photos/ammo/bullet_def.dtx
guns/skins_pv/actionhands_pv.dtx
fx/test/fx008.dtx
interface/hud/wpnclass1.dtx
interface/hud/wpnclass2d.dtx
interface/hud/wpnclass3u.dtx
interface/hud/wpnclass4u.dtx
interface/hud/wpnclass5d.dtx
interface/hud/wpnclass6u.dtx
interface/photos/weapons/tazer.dtx
interface/photos/weapons/holsteru.dtx
fx/guns/tazer/tazer4.dtx
fx/guns/tazer/tazerglow.dtx
interface/photos/ammo/func_sleep.dtx
interface/photos/weapons/banana.dtx
interface/photos/ammo/banana.dtx
interface/hud/wpnclass4.dtx
interface/hud/wpnclass1u.dtx
interface/hud/wpnclass2u.dtx
interface/hud/wpnclass2.dtx
fx/test/particle13.dtx
fx/test/puff01.dtx
interface/menu/sprtex/paper4.dtx
fx/test/wa_05.dtx
guns/skins_pv/launcher.dtx
interface/photos/weapons/timebomb.dtx
interface/hud/wpnclass3.dtx
interface/hud/wpnclass4d.dtx
interface/hud/wpnclass5u.dtx
interface/photos/weapons/launcher.dtx
interface/hud/wpnclass5.dtx
interface/hud/wpnclass6.dtx
interface/photos/weapons/clippers.dtx
texfx/renderstyles/chrome2.dtx
interface/photos/weapons/sniper.dtx
guns/skins_pv/lockpick.dtx
interface/photos/weapons/sniperu.dtx
interface/photos/weapons/ak47u.dtx
chars/skins/pilot.dtx
chars/skins/pilothead.dtx
props/skins/siflask.dtx
attachments/skins/cigarette.dtx
interface/hud/sprtex/scope1_fade.dtx
interface/hud/sprtex/zoom0.dtx
interface/hud/sprtex/zoom1.dtx
interface/hud/sprtex/zoom2.dtx
fx/test/smoke03.dtx
fx/comm/towrpart1_.dtx
fx/test/fx006.dtx
props/skins/sipinel2s.dtx
props/skins/sidrum1s.dtx
props/skins/sipinet2s.dtx
texfx/envmap/global005.dtx
texfx/envmapalpha/global003.dtx
props/skins/sidrum1.dtx
props/skins/gensink.dtx
texfx/envmap/global007.dtx
props/skins/genurinal.dtx
texfx/bump/bumptest19.dtx
props/skins/sistove.dtx
props/skins/genurinal_d.dtx
props/skins/gentoilet1a.dtx
props/skins/gentoilet2.dtx
props/skins/gentoilet2_d.dtx
props/skins/gentoilet1_d.dtx
props/skins/gensink_d.dtx
props/skins/genfireex.dtx
guns/skins_pv/tazer.dtx
guns/projectiles/skins/disabler.dtx
guns/skins_pv/scope.dtx
chars/skins/soldrsovhead.dtx
chars/skins/soldrwntrhead.dtx
fx/test/snow/sprtex/snowflake1.dtx
attachments/skins/sovietcap.dtx
attachments/skins/soldrwntrhat.dtx
interface/photos/ammo/launcher_tranq.dtx
fx/test/snow/sprtex/snowpuff3.dtx
fx/test/snow/sprtex/snowpuff1.dtx
texfx/texturescripts/global_dust1.dtx
fx/test/cigsmoke.dtx
fx/test/smoke2_10.dtx
interface/photos/weapons/tazeru.dtx
interface/photos/weapons/holster.dtx
fx/test/redflash.dtx
fx/test/fx004.dtx
texfx/water/global01.spr
fx/test/blood/spr/bloodl2.spr
fx/test/blood/bloodsplat2.dtx
fx/test/blood/spr/bloodl3.spr
fx/test/blood/bloodsplat3.dtx
fx/test/blood/spr/bloodl4.spr
fx/test/blood/bloodsplat4.dtx
fx/test/blood/spr/bloodl1.spr
fx/test/blood/bloodsplat1.dtx
fx/test/expparticle.spr
fx/test/smoketest1.spr
fx/guns/tazer/glow.spr
interface/hud/spr/scope.spr
interface/hud/spr/zoomin.spr
fx/test/f06.spr
fx/test/cigsmoke.spr
fx/test/breath.spr
interface/hud/spr/zoomout.spr
fx/test/fire1.spr
worlds/retailsingleplayer/c03s03.dat
props/skins/sipinet2.dtx
props/skins/gendorknob2s.dtx
chars/skins/catecasualhead.dtx
chars/skins/catecasualhair.dtx
chars/skins/cateactionlash.dtx
interface/menu/sprtex/square1.dtx
interface/menu/sprtex/square2.dtx
interface/menu/sprtex/circle1.dtx
interface/menu/sprtex/circle2.dtx
attributes/weapons.txt
fx/test/wa_03.dtx
interface/hud/radar_objective.dtx
chars/skins/player_action.dtx
chars/skins/player_action_head.dtx
guns/skins_pv/winterhands_pv.dtx
chars/skins/sovhead1.dtx
chars/skins/sovhead.dtx
chars/skins/wntrhead1.dtx
chars/skins/wntrhead.dtx
chars/skins/wntrhead2.dtx
props/skins/genwrenchp.dtx
props/skins/snowmobile.dtx
props/skins/puammobox.dtx
props/skins/pubandage.dtx
props/skins/bombtarget.dtx
snd/amb/windsnow_2.wav
chars/skins/catewinter.dtx
interface/photos/ammo/func_stun.dtx
fx/test/fx06.spr
interface/snd/select.wav
interface/photos/weapons/grenstunu.dtx
interface/photos/weapons/grenacid.dtx
interface/photos/weapons/kittyu.dtx
interface/photos/weapons/timebombu.dtx
interface/photos/weapons/grenacidu.dtx
interface/photos/weapons/kitty.dtx
interface/photos/weapons/welder.dtx
interface/photos/weapons/clippersu.dtx
interface/photos/weapons/coinu.dtx
guns/models_hh/beartrap.ltb
guns/models_pv/beartrap.ltb
guns/snd/beartrap/reload1.wav
guns/snd/beartrap/select.wav
guns/snd/beartrap/deselect.wav
guns/projectiles/models/beartrap.ltb
guns/skins_pv/beartrap.dtx
texfx/renderstyles/shine4.dtx
interface/snd/chat.wav
voice/21100.wav
guns/projectiles/models/dart.ltb
guns/projectiles/models/canister.ltb
guns/projectiles/skins/dart.dtx
guns/projectiles/skins/canisterpurple.dtx
guns/projectiles/skins/canistergreen.dtx
interface/photos/weapons/grenstun.dtx
interface/photos/weapons/welderu.dtx
interface/photos/weapons/coin.dtx
interface/photos/weapons/beartrap.dtx
<caihuman.
voice/21073.wav
couldn't
voice/21150.wav
voice/21049.wav
voice/21148.wav
fx/test/sphereadd5small.spr
fx/test/sphere4_add.dtx
-
voice/21134.wav
voice/20059.wav
voice/21075.wav
voice/21022.wav
voice/21050.wav
voice/21066.wav
fx/debris/snd/smallglass/gib_2.wav
voice/21064.wav
voice/21027.wav
random
voice/21053.wav
interface/photos/weapons/beretta.dtx
interface/photos/weapons/launcheru.dtx
interface/photos/weapons/berettau.dtx
voice/21065.wav
guns/models_hh/beretta.ltb
guns/models_pv/beretta.ltb
guns/snd/beretta/fire.wav
guns/snd/beretta/dryfire.wav
guns/snd/beretta/reload1.wav
guns/snd/beretta/reload2.wav
guns/snd/beretta/reload3.wav
guns/snd/beretta/select.wav
guns/snd/beretta/deselect.wav
guns/shellcasings/models/beretta.ltb
guns/skins_pv/beretta.dtx
texfx/renderstyles/shinyspot.dtx
guns/shellcasings/skins/beretta.dtx
voice/21074.wav
guns/snd/beretta/silenced.wav
voice/21105.wav
voice/21104.wav
voice/21111.wav
voice/21103.wav
voice/21045.wav
voice/21109.wav
voice/21048.wav
voice/21136.wav
voice/21112.wav
voice/21139.wav
interface/photos/weapons/ak47x.dtx
voice/21099.wav
snd/event/bottlefall_2.wav
voice/21016.wav
voice/21110.wav
guns/snd/ak47/flashlight_click.wav
fx/test/riflelight.spr
fx/test/riflelight.dtx
interface/photos/weapons/bananax.dtx
snd/powerups/pu_weapon.wav
voice/21017.wav
voice/21029.wav
voice/21061.wav
voice/21026.wav
voice/21135.wav
voice/21138.wav
player.
interface/photos/weapons/healthx.dtx
snd/powerups/pu_armor.wav
voice/21032.wav
interface/photos/weapons/beartrapu.dtx
voice/21133.wav
voice/21054.wav
voice/21046.wav
voice/21020.wav
voice/21018.wav
fx/smoke/rocketpuff1.dtx
voice/21052.wav
soviet01
line:
guns/models_hh/kitty.ltb
guns/models_pv/kitty.ltb
guns/snd/kitty/fire.wav
guns/snd/kitty/idle_1.wav
guns/snd/kitty/idle_2.wav
guns/snd/kitty/select.wav
guns/snd/kitty/deselect.wav
guns/skins_pv/kitty.dtx
guns/skins_pv/eye.dtx
texfx/renderstyles/shine2.dtx
fx/test/kittyeyehole.spr
fx/test/sphere_addhole.dtx
fx/test/sphereadd4.spr
fx/test/flr0035.dtx
interface/photos/ammo/bullet_exp.dtx
voice/21021.wav
voice/21019.wav
save
voice/21047.wav
voice/21085.wav
voice/21015.wav
voice/21143.wav
fx/test/lightning_1.dtx
interface/photos/weapons/bananau.dtx
voice/21114.wav
01soviet01
awareness=investigate
voice/21059.wav
voice/21014.wav
voice/21062.wav
interface/photos/weapons/timebombx.dtx
snd/powerups/pu_no.wav
snd/powerups/pu_ammo.wav
interface/photos/weapons/kittyd.dtx
voice/21088.wav
voice/21144.wav
voice/21077.wav
guns/models_hh/acid.ltb
guns/models_pv/acid.ltb
guns/projectiles/models/acid.ltb
guns/skins_pv/acid.dtx
interface/photos/ammo/func_acid.dtx
voice/21101.wav
interface/photos/ammo/bullet_phos.dtx
interface/photos/ammo/bullet_defu.dtx
props/models/genmynahb.ltb
interface/snd/reward.wav
props/skins/genmynahb.dtx
interface/photos/weapons/sniperx.dtx
interface/photos/weapons/beartrapd.dtx
guns/snd/sniper/select.wav
guns/snd/sniper/deselect.wav
voice/21113.wav
voice/21068.wav
voice/21098.wav
voice/21141.wav
voice/21097.wav
voice/21118.wav
voice/21119.wav
voice/21069.wav
voice/21078.wav
voice/21142.wav
voice/21044.wav
voice/21036.wav
animation
voice/21115.wav
voice/21023.wav
voice/11170.lip
voice/11171.lip
voice/11174.lip
voice/11176.lip
interface/photos/ammo/bullet_phosu.dtx
interface/hud/radar_point.dtx
interface/snd/objcomplete.wav
interface/menu/sprtex/paper1.dtx
interface/menu/sprtex/sibhubmap.dtx
voice/21096.wav
voice/21116.wav
fx/test/snow/sprtex/snowpuff5.dtx
fx/test/snow/sprtex/snowpuff4.dtx
fx/test/dirtpuff2.dtx
fx/test/dirtpuff1.dtx
snd/vehicle/snowmobile/startup.wav
guns/models_pv/snowmobile.ltb
guns/skins_pv/snowmobile.dtx
guns/skins_pv/windshield.dtx
snd/vehicle/snowmobile/idle.wav
snd/vehicle/snowmobile/turnoff.wav
snd/vehicle/snowmobile/accel.wav
snd/vehicle/snowmobile/fastimpact.wav
snd/vehicle/snowmobile/decel.wav
snd/vehicle/snowmobile/medimpact.wav
snd/vehicle/snowmobile/slowimpact.wav
0:
1:
2:
3:
4:
5:
6:
7:
8:
9:
10:
11:
12:
13:
14:
15:
16:
17:
18:
19:
20:
21:
22:
23:
24:
25:
26:
27:
28:
29:
30:
31:
32:
33:
34:
35:
36:
37:
38:
39:
40:
41:
42:
43:
44:
45:
46:
47:
48:
49:
50:
51:
52:
53:
54:
55:
56:
57:
58:
59:
60:
61:
62:
63:
64:
65:
66:
67:
68:
69:
70:
71:
72:
73:
74:
75:
76:
77:
78:
79:
80:
81:
82:
83:
84:
85:
86:
87:
88:
89:
90:
91:
92:
93:
94:
95:
96:
97:
98:
99:
100:
101:
102:
103:
104:
105:
106:
107:
108:
109:
110:
111:
112:
113:
114:
115:
116:
117:
118:
119:
120:
121:
122:
123:
124:
125:
126:
127:
128:
129:
130:
131:
132:
133:
134:
135:
136:
137:
138:
139:
140:
141:
142:
143:
144:
145:
146:
147:
148:
149:
150:
151:
152:
153:
154:
155:
156:
157:
158:
159:
160:
161:
162:
163:
164:
165:
166:
167:
168:
169:
170:
171:
172:
173:
174:
175:
176:
177:
178:
179:
180:
181:
182:
183:
184:
185:
186:
187:
188:
189:
190:
191:
192:
193:
194:
195:
196:
197:
198:
199:
200:
201:
202:
203:
204:
205:
206:
207:
208:
209:
210:
211:
212:
213:
214:
215:
216:
217:
218:
219:
220:
221:
222:
223:
224:
225:
226:
227:
228:
229:
230:
231:
232:
233:
234:
235:
236:
237:
238:
239:
240:
241:
242:
243:
244:
245:
246:
247:
248:
249:
250:
251:
252:
253:
254:
255:
256:
257:
258:
259:
260:
261:
262:
263:
264:
265:
266:
267:
268:
269:
270:
271:
272:
273:
274:
275:
276:
277:
278:
279:
280:
281:
282:
283:
284:
285:
286:
287:
288:
289:
290:
291:
292:
293:
294:
295:
296:
297:
298:
299:
300:
301:
302:
303:
304:
305:
306:
307:
308:
309:
310:
311:
312:
313:
314:
315:
316:
317:
318:
319:
320:
321:
322:
323:
324:
325:
326:
327:
328:
329:
330:
331:
332:
333:
334:
335:
336:
337:
338:
339:
340:
341:
342:
343:
344:
345:
346:
347:
348:
349:
350:
351:
352:
353:
354:
355:
356:
357:
358:
359:
360:
361:
362:
363:
364:
365:
366:
367:
368:
369:
370:
371:
372:
373:
374:
375:
376:
377:
378:
379:
380:
381:
382:
383:
384:
385:
386:
387:
388:
389:
390:
391:
392:
393:
394:
395:
396:
397:
398:
399:
400:
401:
402:
403:
404:
405:
406:
407:
408:
409:
410:
411:
412:
413:
414:
415:
416:
417:
418:
419:
420:
421:
422:
423:
424:
425:
426:
427:
428:
429:
430:
431:
432:
433:
434:
435:
436:
437:
438:
439:
440:
441:
442:
443:
444:
445:
446:
447:
448:
449:
450:
451:
452:
453:
454:
455:
456:
457:
458:
459:
460:
461:
462:
463:
464:
465:
466:
467:
468:
469:
470:
471:
472:
473:
474:
475:
476:
477:
478:
479:
480:
481:
482:
483:
484:
485:
486:
487:
488:
489:
490:
491:
492:
493:
494:
495:
496:
497:
498:
499:
500:
501:
502:
503:
504:
505:
506:
507:
508:
509:
510:
511:
512:
513:
514:
515:
516:
517:
518:
519:
520:
521:
522:
523:
524:
525:
526:
527:
528:
529:
530:
531:
532:
533:
534:
535:
536:
537:
538:
539:
540:
541:
542:
543:
544:
545:
546:
547:
548:
549:
550:
551:
552:
553:
554:
555:
556:
557:
558:
559:
560:
561:
562:
563:
564:
565:
566:
567:
568:
569:
570:
571:
572:
573:
574:
575:
576:
577:
578:
579:
580:
581:
582:
583:
584:
585:
586:
587:
588:
589:
590:
591:
592:
593:
594:
595:
596:
597:
598:
599:
600:
601:
602:
603:
604:
605:
606:
607:
608:
609:
610:
611:
612:
613:
614:
615:
616:
617:
618:
619:
620:
621:
622:
623:
624:
625:
626:
627:
628:
629:
630:
631:
632:
633:
634:
635:
636:
637:
638:
639:
640:
641:
642:
643:
644:
645:
646:
647:
648:
649:
650:
651:
652:
653:
654:
655:
656:
657:
658:
659:
660:
661:
662:
663:
664:
665:
666:
667:
668:
669:
670:
671:
672:
673:
674:
675:
676:
677:
678:
679:
680:
681:
682:
683:
684:
685:
686:
687:
688:
689:
690:
691:
692:
693:
694:
695:
696:
697:
698:
699:
700:
701:
702:
703:
704:
705:
706:
707:
708:
709:
710:
711:
712:
713:
714:
715:
716:
717:
718:
719:
720:
721:
722:
723:
724:
725:
726:
727:
728:
729:
730:
731:
732:
733:
734:
735:
736:
737:
738:
739:
740:
741:
742:
743:
744:
745:
746:
747:
748:
749:
750:
751:
752:
753:
754:
755:
756:
757:
758:
759:
760:
761:
762:
763:
764:
765:
766:
767:
768:
769:
770:
771:
772:
773:
774:
775:
776:
777:
778:
779:
780:
781:
782:
783:
784:
785:
786:
787:
788:
789:
790:
791:
792:
793:
794:
795:
796:
797:
798:
799:
800:
801:
clientfx/clientfx.fxf
a
interface/menu/sprtex/loadingc3x.dtx
interface/menu/models/loadback.ltb
interface/menu/models/loadtext.ltb
interface/menu/skins/load.dtx
attributes/serversnd.txt
attributes/debris.txt
attributes/fx.txt
attributes/soundfilters.txt
attributes/modelbutes.txt
attributes/surface.txt
attributes/skills.txt
attributes/soundbutes.txt
attributes/damagetypes.txt
attributes/aibutes.txt
attributes/aigoals.txt
attributes/attachments.txt
attributes/serverbutes.txt
attributes/proptypes.txt
attributes/intelitems.txt
attributes/keyitems.txt
attributes/searchitems.txt
attributes/relationdata.txt
attributes/gadgettargets.txt
attributes/commands.txt
attributes/inventory.txt
attributes/radartypes.txt
attributes/activatetypes.txt
attributes/triggertypes.txt
for
attributes/missions.txt
voice/20999.wav
voice/21002.wav
voice/21000.wav
voice/21001.wav
voice/21010.wav
voice/21011.wav
voice/21012.wav
voice/21013.wav
voice/21024.wav
voice/21025.wav
voice/21034.wav
voice/21051.wav
voice/21055.wav
voice/21056.wav
voice/21092.wav
voice/21120.wav
voice/21117.wav
voice/21079.wav
voice/21080.wav
voice/21081.wav
voice/21070.wav
voice/21071.wav
voice/21072.wav
voice/21076.wav
voice/21067.wav
voice/21082.wav
voice/21083.wav
voice/21084.wav
voice/21086.wav
voice/21093.wav
voice/21094.wav
voice/21095.wav
voice/21102.wav
voice/21087.wav
voice/21057.wav
voice/21058.wav
voice/21106.wav
voice/21107.wav
voice/21108.wav
voice/21006.wav
voice/21007.wav
voice/21121.wav
voice/21122.wav
voice/21123.wav
voice/21124.wav
voice/21125.wav
voice/21126.wav
voice/21127.wav
voice/21128.wav
voice/21131.wav
voice/21132.wav
voice/21145.wav
voice/21146.wav
props/models/bombtarget.ltb
guns/snd/banana/select.wav
guns/snd/banana/deselect.wav
props/skins/alarm.dtx.
guns/snd/timebomb/stick.wav
models/1x1_square.dtx.
fx/debris/snd/porcelain/gib_1.wav
fx/debris/snd/porcelain/gib_2.wav
fx/debris/snd/porcelain/explode_1.wav
fx/debris/snd/porcelain/explode_2.wav
snd/event/faucet.wav
fx/debris/models/paper1.ltb
fx/debris/models/paper2.ltb
fx/debris/models/paper3.ltb
fx/debris/models/machinery_01a.ltb
fx/debris/models/machinery_01b.ltb
fx/debris/models/machinery_01c.ltb
fx/debris/models/machinery_01d.ltb
fx/debris/models/machinery_01e.ltb
fx/debris/snd/machinery/gib_1.wav
fx/debris/snd/machinery/gib_2.wav
fx/debris/snd/machinery/explode_1.wav
fx/debris/snd/machinery/explode_2.wav
fx/debris/models/chunk1.ltb
fx/debris/models/chunk2.ltb
fx/debris/models/chunk3.ltb
fx/debris/models/chunk4.ltb
fx/debris/snd/smallmetal/gib_1.wav
fx/debris/snd/smallmetal/gib_2.wav
fx/debris/snd/smallmetal/explode_1.wav
fx/debris/snd/smallmetal/explode_2.wav
fx/debris/models/wood1a.ltb
fx/debris/models/wood1c.ltb
fx/debris/models/wood1d.ltb
fx/debris/models/wood1e.ltb
fx/debris/models/smallglassa.ltb
fx/debris/models/smallglassb.ltb
fx/debris/models/smallglassc.ltb
fx/debris/models/smallglassd.ltb
fx/debris/models/smallglasse.ltb
fx/debris/models/silamp1d2.ltb
fx/debris/models/silamp1d3.ltb
fx/debris/models/silamp1d4.ltb
6.31
chars/skins/catewfins.dtx
fx/debris/skins/paper.dtx
fx/debris/skins/metal.dtx
fx/debris/skins/wood.dtx
interface/hud/transam.dtx
variable
voice/11741.wav
ps/blurshadow.ps
interface/photos/weapons/clippersx.dtx
interface/photos/weapons/berettax.dtx
interface/photos/weapons/tazerx.dtx
08soviet01
interface/snd/playerhidden.wav
voice/11006.wav
voice/11181.wav
voice/11182.wav
voice/11183.wav
interface/snd/transmission.wav
interface/photos/weapons/armorx.dtx
voice/11153.wav
voice/11153.lip
voice/11154.wav
voice/11154.lip
voice/11155.wav
voice/11155.lip
voice/11156.wav
voice/11156.lip
voice/11157.wav
voice/11157.lip
voice/11158.wav
voice/11158.lip
voice/11159.wav
voice/11159.lip
voice/11160.wav
voice/11160.lip
voice/11161.wav
voice/11161.lip
voice/11162.wav
voice/11162.lip
voice/11163.wav
voice/11163.lip
voice/11164.wav
voice/11164.lip
voice/11165.wav
voice/11165.lip
voice/11166.wav
voice/11166.lip
voice/11167.wav
voice/11167.lip
voice/11168.wav
voice/11168.lip
voice/11169.wav
voice/11169.lip
voice/11731.wav
voice/11731.lip
texfx/foliage/paper1.dtx
texfx/foliage/paper2.dtx
texfx/foliage/paper3.dtx
voice/11732.wav
voice/11732.lip
voice/11733.wav
voice/11733.lip
2.27
voice/11734.wav
voice/11734.lip
voice/11735.wav
voice/11735.lip
voice/11736.wav
voice/11736.lip
voice/11737.wav
voice/11737.lip
voice/11738.wav
voice/11738.lip
leaving
snd/doors/locked.wav
chars/snd/footsteps/woodladder1a.wav
chars/snd/footsteps/woodladder1b.wav
chars/snd/footsteps/woodladder2a.wav
chars/snd/footsteps/woodladder2b.wav
voice/33146.wav
voice/33147.wav
voice/33151.wav
voice/33152.wav
voice/33153.wav
voice/33148.wav
voice/33149.wav
voice/33150.wav
voice/33154.wav
voice/33155.wav
voice/33156.wav
voice/33157.wav
voice/33158.wav
voice/33159.wav
voice/33160.wav
voice/33161.wav
voice/33162.wav
voice/33163.wav
voice/33170.wav
voice/33171.wav
voice/33172.wav
voice/33173.wav
voice/33174.wav
voice/33175.wav
voice/33176.wav
voice/33177.wav
voice/33178.wav
voice/33179.wav
voice/33180.wav
voice/33181.wav
voice/33182.wav
voice/33184.wav
voice/33185.wav
voice/33186.wav
voice/33187.wav
voice/33188.wav
voice/33189.wav
voice/33190.wav
voice/33191.wav
voice/33192.wav
voice/33193.wav
voice/33194.wav
voice/33195.wav
voice/33196.wav
voice/33197.wav
voice/33198.wav
voice/33199.wav
voice/33200.wav
voice/33201.wav
voice/33202.wav
voice/33203.wav
voice/33204.wav
voice/33205.wav
voice/33206.wav
voice/33207.wav
voice/33208.wav
voice/33209.wav
voice/33210.wav
voice/33211.wav
voice/33212.wav
voice/33213.wav
voice/33214.wav
voice/33215.wav
voice/33297.wav
voice/33298.wav
voice/33299.wav
voice/33216.wav
voice/33217.wav
voice/33218.wav
voice/33219.wav
voice/33220.wav
voice/33221.wav
voice/33222.wav
voice/33223.wav
voice/33252.wav
voice/33253.wav
voice/33254.wav
voice/33247.wav
voice/33248.wav
voice/33249.wav
voice/33250.wav
voice/33251.wav
voice/33233.wav
voice/33234.wav
voice/33235.wav
voice/33236.wav
voice/33237.wav
voice/33243.wav
voice/33244.wav
voice/33245.wav
voice/33246.wav
voice/33229.wav
voice/33230.wav
voice/33231.wav
voice/33232.wav
voice/33238.wav
voice/33239.wav
voice/33240.wav
voice/33241.wav
voice/33242.wav
voice/33224.wav
voice/33225.wav
voice/33226.wav
voice/33227.wav
voice/33228.wav
voice/33255.wav
voice/33257.wav
voice/33258.wav
voice/33259.wav
voice/33260.wav
voice/33261.wav
voice/33262.wav
voice/33263.wav
voice/33264.wav
voice/33164.wav
voice/33165.wav
voice/33166.wav
voice/33265.wav
voice/33266.wav
voice/33267.wav
voice/33268.wav
voice/33269.wav
voice/33270.wav
voice/33271.wav
voice/33272.wav
voice/33273.wav
voice/33274.wav
voice/33275.wav
voice/33276.wav
voice/33277.wav
voice/33278.wav
voice/33279.wav
voice/33280.wav
voice/33281.wav
voice/33282.wav
voice/33283.wav
voice/33284.wav
voice/33285.wav
voice/33286.wav
voice/33287.wav
voice/33288.wav
voice/33289.wav
voice/33290.wav
voice/33295.wav
voice/33296.wav
voice/33293.wav
voice/33294.wav
voice/33291.wav
voice/33292.wav
voice/33300.wav
voice/33301.wav
voice/33167.wav
voice/33168.wav
voice/33169.wav
voice/33302.wav
voice/33303.wav
voice/33304.wav
voice/33305.wav
voice/33306.wav
voice/33307.wav
voice/33308.wav
voice/33309.wav
voice/33310.wav
voice/33311.wav
voice/33312.wav
voice/33313.wav
voice/33314.wav
voice/33315.wav
voice/33316.wav
voice/33317.wav
voice/33318.wav
voice/33319.wav
voice/33320.wav
voice/33321.wav
voice/33322.wav
voice/33323.wav
voice/33324.wav
voice/33325.wav
voice/33326.wav
voice/33327.wav
voice/33328.wav
voice/33329.wav
voice/33330.wav
voice/33331.wav
voice/33332.wav
voice/33333.wav
voice/33334.wav
voice/33335.wav
voice/33336.wav
voice/33337.wav
voice/33468.wav
voice/33466.wav
voice/33467.wav
voice/33465.wav
voice/33460.wav
voice/33461.wav
voice/33462.wav
voice/33463.wav
voice/33464.wav
guns/snd/sniper/sniperzoom.wav
snd/powerups/pu_bandaid.wav
snd/doors/mtlcabstorageopn_sm1.wav
snd/doors/mtlcabstoragecls_sm1.wav
snd/event/truckidle_1.wav
snd/switches/litleveron_1.wav
snd/switches/litleveroff_1.wav
fx/debris/models/silamp1d1.ltb
19.78
/chars/models/anims/washhands.ltb
does
has
chars/skins/shinyspot.dtx
fx/wee-wee/weewee.spr
fx/wee-wee/wee-wee1.dtx
interface/hud/crosshair/crosshair2_a.dtx
interface/hud/crosshair/crosshair2_i.dtx
interface/menu/spr/asihw.spr
interface/menu/sprtex/asihw.dtx
interface/menu/models/mainfront.ltb
interface/menu/skins/mainscope.dtx
interface/menu/models/mainmiddle.ltb
interface/menu/skins/mainscene.dtx
interface/menu/sprtex/menuframe2.dtx
interface/menu/sprtex/slider.dtx
interface/hud/crosshair/crosshair1_a.dtx
interface/hud/crosshair/crosshair1_i.dtx
guns/projectiles/snd/spear.wav
guns/snd/tommygun/reload3.wav
interface/hud/radar_player_alive.dtx
interface/hud/spr/armorhit.spr
interface/hud/sprtex/armorhit.dtx
guns/models_hh/grenade.ltb
guns/models_pv/grenade.ltb
guns/snd/impacts/explosions/gren.wav
guns/projectiles/models/grenade.ltb
guns/skins_pv/grenade.dtx
texfx/renderstyles/shine3.dtx
guns/projectiles/skins/grenade.dtx
interface/photos/weapons/grenadex.dtx
snd/powerups/pu_armor_sm.wav
fx/particles/bubbles1.spr
fx/particles/bubble2_1.dtx
fx/particles/bubble2_2.dtx
fx/particles/bubble2_3.dtx
fx/particles/bubble2_4.dtx
texfx/foliage/splinter1.dtx
texfx/foliage/splinter2.dtx
texfx/foliage/splinter3.dtx
interface/photos/ammo/timebomb.dtx
interface/photos/weapons/grenade.dtx
snd/event/1_paper_02.wav
snd/event/1_paper_01.wav
snd/event/1_paper_04.wav
snd/event/1_paper_06.wav
snd/event/1_paper_05.wav
fx/debris/models/banana.ltb
interface/photos/weapons/grenaded.dtx
snd/event/bottlefall_1.wav
snd/event/peeing.wav
chars/snd/player/explode.wav
0.49
chars/snd/player/endless_fall.wav
0.29
interface/photos/weapons/grenadeu.dtx
fx/beams/electro1.dtx
guns/models_hh/onlysocket.ltb
guns/models_pv/tulwar.ltb
guns/snd/tulwar/fire.wav
guns/snd/tulwar/select.wav
guns/snd/tulwar/deselect.wav
guns/skins_pv/tulwar.dtx
interface/photos/weapons/berettad.dtx
interface/photos/weapons/sniperd.dtx
0.34
interface/photos/ammo/launcher_tranqu.dtx
guns/models_hh/sleep.ltb
guns/models_pv/sleep.ltb
guns/projectiles/models/sleep.ltb
guns/skins_pv/sleep.dtx
interface/photos/weapons/grensleepx.dtx
noname220
file:
noname226
voice/11740.wav
voice/11740.lip
